../Src/main.c:46:5:main	8	static
../Src/main.c:70:6:task1_handler	8	static
../Src/main.c:79:6:task2_handler	8	static
../Src/main.c:88:6:task3_handler	8	static
../Src/main.c:97:6:task4_handler	8	static
../Src/main.c:106:6:init_systick_timer	32	static
../Src/main.c:128:29:init_scheduler_stack	0	static,ignoring_inline_asm
../Src/main.c:136:6:init_tasks_stack	24	static
../Src/main.c:161:6:enable_processor_faults	16	static
../Src/main.c:173:10:get_psp_value	4	static
../Src/main.c:179:6:save_psp_value	16	static
../Src/main.c:183:6:update_next_task	4	static
../Src/main.c:188:29:switch_sp_to_psp	0	static,ignoring_inline_asm
../Src/main.c:207:29:SysTick_Handler	0	static,ignoring_inline_asm
../Src/main.c:253:6:HardFault_Handler	8	static
../Src/main.c:258:6:MemManage_Handler	8	static
../Src/main.c:263:6:BusFault_Handler	8	static
