Archive member included to satisfy reference by file (symbol)

/Applications/STM32CubeIDE.app/Contents/Eclipse/plugins/com.st.stm32cube.ide.mcu.externaltools.gnu-tools-for-stm32.10.3-2021.10.macos64_1.0.0.202111181127/tools/bin/../lib/gcc/arm-none-eabi/10.3.1/../../../../arm-none-eabi/lib/thumb/v7e-m+fp/hard/libc_nano.a(lib_a-errno.o)
                              ./Src/syscalls.o (__errno)
/Applications/STM32CubeIDE.app/Contents/Eclipse/plugins/com.st.stm32cube.ide.mcu.externaltools.gnu-tools-for-stm32.10.3-2021.10.macos64_1.0.0.202111181127/tools/bin/../lib/gcc/arm-none-eabi/10.3.1/../../../../arm-none-eabi/lib/thumb/v7e-m+fp/hard/libc_nano.a(lib_a-exit.o)
                              /Applications/STM32CubeIDE.app/Contents/Eclipse/plugins/com.st.stm32cube.ide.mcu.externaltools.gnu-tools-for-stm32.10.3-2021.10.macos64_1.0.0.202111181127/tools/bin/../lib/gcc/arm-none-eabi/10.3.1/../../../../arm-none-eabi/lib/thumb/v7e-m+fp/hard/crt0.o (exit)
/Applications/STM32CubeIDE.app/Contents/Eclipse/plugins/com.st.stm32cube.ide.mcu.externaltools.gnu-tools-for-stm32.10.3-2021.10.macos64_1.0.0.202111181127/tools/bin/../lib/gcc/arm-none-eabi/10.3.1/../../../../arm-none-eabi/lib/thumb/v7e-m+fp/hard/libc_nano.a(lib_a-impure.o)
                              /Applications/STM32CubeIDE.app/Contents/Eclipse/plugins/com.st.stm32cube.ide.mcu.externaltools.gnu-tools-for-stm32.10.3-2021.10.macos64_1.0.0.202111181127/tools/bin/../lib/gcc/arm-none-eabi/10.3.1/../../../../arm-none-eabi/lib/thumb/v7e-m+fp/hard/libc_nano.a(lib_a-exit.o) (_global_impure_ptr)
/Applications/STM32CubeIDE.app/Contents/Eclipse/plugins/com.st.stm32cube.ide.mcu.externaltools.gnu-tools-for-stm32.10.3-2021.10.macos64_1.0.0.202111181127/tools/bin/../lib/gcc/arm-none-eabi/10.3.1/../../../../arm-none-eabi/lib/thumb/v7e-m+fp/hard/libc_nano.a(lib_a-init.o)
                              /Applications/STM32CubeIDE.app/Contents/Eclipse/plugins/com.st.stm32cube.ide.mcu.externaltools.gnu-tools-for-stm32.10.3-2021.10.macos64_1.0.0.202111181127/tools/bin/../lib/gcc/arm-none-eabi/10.3.1/../../../../arm-none-eabi/lib/thumb/v7e-m+fp/hard/crt0.o (__libc_init_array)
/Applications/STM32CubeIDE.app/Contents/Eclipse/plugins/com.st.stm32cube.ide.mcu.externaltools.gnu-tools-for-stm32.10.3-2021.10.macos64_1.0.0.202111181127/tools/bin/../lib/gcc/arm-none-eabi/10.3.1/../../../../arm-none-eabi/lib/thumb/v7e-m+fp/hard/libc_nano.a(lib_a-memset.o)
                              /Applications/STM32CubeIDE.app/Contents/Eclipse/plugins/com.st.stm32cube.ide.mcu.externaltools.gnu-tools-for-stm32.10.3-2021.10.macos64_1.0.0.202111181127/tools/bin/../lib/gcc/arm-none-eabi/10.3.1/../../../../arm-none-eabi/lib/thumb/v7e-m+fp/hard/crt0.o (memset)
/Applications/STM32CubeIDE.app/Contents/Eclipse/plugins/com.st.stm32cube.ide.mcu.externaltools.gnu-tools-for-stm32.10.3-2021.10.macos64_1.0.0.202111181127/tools/bin/../lib/gcc/arm-none-eabi/10.3.1/../../../../arm-none-eabi/lib/thumb/v7e-m+fp/hard/libc_nano.a(lib_a-strlen.o)
                              ./Src/010i2c_master_tx_testing.o (strlen)

Discarded input sections

 .text          0x0000000000000000        0x0 /Applications/STM32CubeIDE.app/Contents/Eclipse/plugins/com.st.stm32cube.ide.mcu.externaltools.gnu-tools-for-stm32.10.3-2021.10.macos64_1.0.0.202111181127/tools/bin/../lib/gcc/arm-none-eabi/10.3.1/thumb/v7e-m+fp/hard/crti.o
 .data          0x0000000000000000        0x0 /Applications/STM32CubeIDE.app/Contents/Eclipse/plugins/com.st.stm32cube.ide.mcu.externaltools.gnu-tools-for-stm32.10.3-2021.10.macos64_1.0.0.202111181127/tools/bin/../lib/gcc/arm-none-eabi/10.3.1/thumb/v7e-m+fp/hard/crti.o
 .bss           0x0000000000000000        0x0 /Applications/STM32CubeIDE.app/Contents/Eclipse/plugins/com.st.stm32cube.ide.mcu.externaltools.gnu-tools-for-stm32.10.3-2021.10.macos64_1.0.0.202111181127/tools/bin/../lib/gcc/arm-none-eabi/10.3.1/thumb/v7e-m+fp/hard/crti.o
 .data          0x0000000000000000        0x4 /Applications/STM32CubeIDE.app/Contents/Eclipse/plugins/com.st.stm32cube.ide.mcu.externaltools.gnu-tools-for-stm32.10.3-2021.10.macos64_1.0.0.202111181127/tools/bin/../lib/gcc/arm-none-eabi/10.3.1/thumb/v7e-m+fp/hard/crtbegin.o
 .rodata        0x0000000000000000       0x24 /Applications/STM32CubeIDE.app/Contents/Eclipse/plugins/com.st.stm32cube.ide.mcu.externaltools.gnu-tools-for-stm32.10.3-2021.10.macos64_1.0.0.202111181127/tools/bin/../lib/gcc/arm-none-eabi/10.3.1/thumb/v7e-m+fp/hard/crtbegin.o
 .text          0x0000000000000000       0x7c /Applications/STM32CubeIDE.app/Contents/Eclipse/plugins/com.st.stm32cube.ide.mcu.externaltools.gnu-tools-for-stm32.10.3-2021.10.macos64_1.0.0.202111181127/tools/bin/../lib/gcc/arm-none-eabi/10.3.1/../../../../arm-none-eabi/lib/thumb/v7e-m+fp/hard/crt0.o
 .data          0x0000000000000000        0x0 /Applications/STM32CubeIDE.app/Contents/Eclipse/plugins/com.st.stm32cube.ide.mcu.externaltools.gnu-tools-for-stm32.10.3-2021.10.macos64_1.0.0.202111181127/tools/bin/../lib/gcc/arm-none-eabi/10.3.1/../../../../arm-none-eabi/lib/thumb/v7e-m+fp/hard/crt0.o
 .bss           0x0000000000000000        0x0 /Applications/STM32CubeIDE.app/Contents/Eclipse/plugins/com.st.stm32cube.ide.mcu.externaltools.gnu-tools-for-stm32.10.3-2021.10.macos64_1.0.0.202111181127/tools/bin/../lib/gcc/arm-none-eabi/10.3.1/../../../../arm-none-eabi/lib/thumb/v7e-m+fp/hard/crt0.o
 .ARM.extab     0x0000000000000000        0x0 /Applications/STM32CubeIDE.app/Contents/Eclipse/plugins/com.st.stm32cube.ide.mcu.externaltools.gnu-tools-for-stm32.10.3-2021.10.macos64_1.0.0.202111181127/tools/bin/../lib/gcc/arm-none-eabi/10.3.1/../../../../arm-none-eabi/lib/thumb/v7e-m+fp/hard/crt0.o
 .ARM.exidx     0x0000000000000000       0x10 /Applications/STM32CubeIDE.app/Contents/Eclipse/plugins/com.st.stm32cube.ide.mcu.externaltools.gnu-tools-for-stm32.10.3-2021.10.macos64_1.0.0.202111181127/tools/bin/../lib/gcc/arm-none-eabi/10.3.1/../../../../arm-none-eabi/lib/thumb/v7e-m+fp/hard/crt0.o
 .ARM.attributes
                0x0000000000000000       0x1c /Applications/STM32CubeIDE.app/Contents/Eclipse/plugins/com.st.stm32cube.ide.mcu.externaltools.gnu-tools-for-stm32.10.3-2021.10.macos64_1.0.0.202111181127/tools/bin/../lib/gcc/arm-none-eabi/10.3.1/../../../../arm-none-eabi/lib/thumb/v7e-m+fp/hard/crt0.o
 .group         0x0000000000000000        0xc ./Src/010i2c_master_tx_testing.o
 .group         0x0000000000000000        0xc ./Src/010i2c_master_tx_testing.o
 .group         0x0000000000000000        0xc ./Src/010i2c_master_tx_testing.o
 .group         0x0000000000000000        0xc ./Src/010i2c_master_tx_testing.o
 .group         0x0000000000000000        0xc ./Src/010i2c_master_tx_testing.o
 .group         0x0000000000000000        0xc ./Src/010i2c_master_tx_testing.o
 .group         0x0000000000000000        0xc ./Src/010i2c_master_tx_testing.o
 .group         0x0000000000000000        0xc ./Src/010i2c_master_tx_testing.o
 .group         0x0000000000000000        0xc ./Src/010i2c_master_tx_testing.o
 .group         0x0000000000000000        0xc ./Src/010i2c_master_tx_testing.o
 .group         0x0000000000000000        0xc ./Src/010i2c_master_tx_testing.o
 .group         0x0000000000000000        0xc ./Src/010i2c_master_tx_testing.o
 .group         0x0000000000000000        0xc ./Src/010i2c_master_tx_testing.o
 .group         0x0000000000000000        0xc ./Src/010i2c_master_tx_testing.o
 .group         0x0000000000000000        0xc ./Src/010i2c_master_tx_testing.o
 .group         0x0000000000000000        0xc ./Src/010i2c_master_tx_testing.o
 .group         0x0000000000000000        0xc ./Src/010i2c_master_tx_testing.o
 .group         0x0000000000000000        0xc ./Src/010i2c_master_tx_testing.o
 .group         0x0000000000000000        0xc ./Src/010i2c_master_tx_testing.o
 .group         0x0000000000000000        0xc ./Src/010i2c_master_tx_testing.o
 .group         0x0000000000000000        0xc ./Src/010i2c_master_tx_testing.o
 .group         0x0000000000000000        0xc ./Src/010i2c_master_tx_testing.o
 .group         0x0000000000000000        0xc ./Src/010i2c_master_tx_testing.o
 .group         0x0000000000000000        0xc ./Src/010i2c_master_tx_testing.o
 .group         0x0000000000000000        0xc ./Src/010i2c_master_tx_testing.o
 .group         0x0000000000000000        0xc ./Src/010i2c_master_tx_testing.o
 .group         0x0000000000000000        0xc ./Src/010i2c_master_tx_testing.o
 .group         0x0000000000000000        0xc ./Src/010i2c_master_tx_testing.o
 .group         0x0000000000000000        0xc ./Src/010i2c_master_tx_testing.o
 .group         0x0000000000000000        0xc ./Src/010i2c_master_tx_testing.o
 .group         0x0000000000000000        0xc ./Src/010i2c_master_tx_testing.o
 .group         0x0000000000000000        0xc ./Src/010i2c_master_tx_testing.o
 .group         0x0000000000000000        0xc ./Src/010i2c_master_tx_testing.o
 .group         0x0000000000000000        0xc ./Src/010i2c_master_tx_testing.o
 .group         0x0000000000000000        0xc ./Src/010i2c_master_tx_testing.o
 .group         0x0000000000000000        0xc ./Src/010i2c_master_tx_testing.o
 .group         0x0000000000000000        0xc ./Src/010i2c_master_tx_testing.o
 .group         0x0000000000000000        0xc ./Src/010i2c_master_tx_testing.o
 .group         0x0000000000000000        0xc ./Src/010i2c_master_tx_testing.o
 .group         0x0000000000000000        0xc ./Src/010i2c_master_tx_testing.o
 .group         0x0000000000000000        0xc ./Src/010i2c_master_tx_testing.o
 .group         0x0000000000000000        0xc ./Src/010i2c_master_tx_testing.o
 .text          0x0000000000000000        0x0 ./Src/010i2c_master_tx_testing.o
 .data          0x0000000000000000        0x0 ./Src/010i2c_master_tx_testing.o
 .bss           0x0000000000000000        0x0 ./Src/010i2c_master_tx_testing.o
 .text.delay    0x0000000000000000       0x2c ./Src/010i2c_master_tx_testing.o
 .group         0x0000000000000000        0xc ./Src/syscalls.o
 .group         0x0000000000000000        0xc ./Src/syscalls.o
 .group         0x0000000000000000        0xc ./Src/syscalls.o
 .group         0x0000000000000000        0xc ./Src/syscalls.o
 .group         0x0000000000000000        0xc ./Src/syscalls.o
 .group         0x0000000000000000        0xc ./Src/syscalls.o
 .group         0x0000000000000000        0xc ./Src/syscalls.o
 .group         0x0000000000000000        0xc ./Src/syscalls.o
 .group         0x0000000000000000        0xc ./Src/syscalls.o
 .group         0x0000000000000000        0xc ./Src/syscalls.o
 .group         0x0000000000000000        0xc ./Src/syscalls.o
 .group         0x0000000000000000        0xc ./Src/syscalls.o
 .group         0x0000000000000000        0xc ./Src/syscalls.o
 .group         0x0000000000000000        0xc ./Src/syscalls.o
 .group         0x0000000000000000        0xc ./Src/syscalls.o
 .group         0x0000000000000000        0xc ./Src/syscalls.o
 .group         0x0000000000000000        0xc ./Src/syscalls.o
 .group         0x0000000000000000        0xc ./Src/syscalls.o
 .group         0x0000000000000000        0xc ./Src/syscalls.o
 .group         0x0000000000000000        0xc ./Src/syscalls.o
 .group         0x0000000000000000        0xc ./Src/syscalls.o
 .group         0x0000000000000000        0xc ./Src/syscalls.o
 .group         0x0000000000000000        0xc ./Src/syscalls.o
 .group         0x0000000000000000        0xc ./Src/syscalls.o
 .group         0x0000000000000000        0xc ./Src/syscalls.o
 .group         0x0000000000000000        0xc ./Src/syscalls.o
 .group         0x0000000000000000        0xc ./Src/syscalls.o
 .group         0x0000000000000000        0xc ./Src/syscalls.o
 .group         0x0000000000000000        0xc ./Src/syscalls.o
 .group         0x0000000000000000        0xc ./Src/syscalls.o
 .group         0x0000000000000000        0xc ./Src/syscalls.o
 .group         0x0000000000000000        0xc ./Src/syscalls.o
 .group         0x0000000000000000        0xc ./Src/syscalls.o
 .group         0x0000000000000000        0xc ./Src/syscalls.o
 .group         0x0000000000000000        0xc ./Src/syscalls.o
 .group         0x0000000000000000        0xc ./Src/syscalls.o
 .group         0x0000000000000000        0xc ./Src/syscalls.o
 .group         0x0000000000000000        0xc ./Src/syscalls.o
 .group         0x0000000000000000        0xc ./Src/syscalls.o
 .group         0x0000000000000000        0xc ./Src/syscalls.o
 .group         0x0000000000000000        0xc ./Src/syscalls.o
 .group         0x0000000000000000        0xc ./Src/syscalls.o
 .group         0x0000000000000000        0xc ./Src/syscalls.o
 .group         0x0000000000000000        0xc ./Src/syscalls.o
 .group         0x0000000000000000        0xc ./Src/syscalls.o
 .group         0x0000000000000000        0xc ./Src/syscalls.o
 .group         0x0000000000000000        0xc ./Src/syscalls.o
 .text          0x0000000000000000        0x0 ./Src/syscalls.o
 .data          0x0000000000000000        0x0 ./Src/syscalls.o
 .bss           0x0000000000000000        0x0 ./Src/syscalls.o
 .bss.__env     0x0000000000000000        0x4 ./Src/syscalls.o
 .data.environ  0x0000000000000000        0x4 ./Src/syscalls.o
 .text.initialise_monitor_handles
                0x0000000000000000        0xe ./Src/syscalls.o
 .text._getpid  0x0000000000000000       0x10 ./Src/syscalls.o
 .text._kill    0x0000000000000000       0x20 ./Src/syscalls.o
 .text._exit    0x0000000000000000       0x14 ./Src/syscalls.o
 .text._read    0x0000000000000000       0x3a ./Src/syscalls.o
 .text._write   0x0000000000000000       0x38 ./Src/syscalls.o
 .text._close   0x0000000000000000       0x18 ./Src/syscalls.o
 .text._fstat   0x0000000000000000       0x20 ./Src/syscalls.o
 .text._isatty  0x0000000000000000       0x16 ./Src/syscalls.o
 .text._lseek   0x0000000000000000       0x1a ./Src/syscalls.o
 .text._open    0x0000000000000000       0x1c ./Src/syscalls.o
 .text._wait    0x0000000000000000       0x1e ./Src/syscalls.o
 .text._unlink  0x0000000000000000       0x1e ./Src/syscalls.o
 .text._times   0x0000000000000000       0x18 ./Src/syscalls.o
 .text._stat    0x0000000000000000       0x20 ./Src/syscalls.o
 .text._link    0x0000000000000000       0x20 ./Src/syscalls.o
 .text._fork    0x0000000000000000       0x16 ./Src/syscalls.o
 .text._execve  0x0000000000000000       0x22 ./Src/syscalls.o
 .debug_info    0x0000000000000000      0x6e0 ./Src/syscalls.o
 .debug_abbrev  0x0000000000000000      0x1b3 ./Src/syscalls.o
 .debug_aranges
                0x0000000000000000       0xa8 ./Src/syscalls.o
 .debug_ranges  0x0000000000000000       0x98 ./Src/syscalls.o
 .debug_macro   0x0000000000000000      0x24c ./Src/syscalls.o
 .debug_macro   0x0000000000000000      0xa84 ./Src/syscalls.o
 .debug_macro   0x0000000000000000       0x22 ./Src/syscalls.o
 .debug_macro   0x0000000000000000       0x4c ./Src/syscalls.o
 .debug_macro   0x0000000000000000       0x1e ./Src/syscalls.o
 .debug_macro   0x0000000000000000       0x94 ./Src/syscalls.o
 .debug_macro   0x0000000000000000       0x3c ./Src/syscalls.o
 .debug_macro   0x0000000000000000       0x34 ./Src/syscalls.o
 .debug_macro   0x0000000000000000       0x57 ./Src/syscalls.o
 .debug_macro   0x0000000000000000      0x174 ./Src/syscalls.o
 .debug_macro   0x0000000000000000      0x341 ./Src/syscalls.o
 .debug_macro   0x0000000000000000       0x16 ./Src/syscalls.o
 .debug_macro   0x0000000000000000       0x43 ./Src/syscalls.o
 .debug_macro   0x0000000000000000       0x34 ./Src/syscalls.o
 .debug_macro   0x0000000000000000       0x10 ./Src/syscalls.o
 .debug_macro   0x0000000000000000       0x58 ./Src/syscalls.o
 .debug_macro   0x0000000000000000       0x71 ./Src/syscalls.o
 .debug_macro   0x0000000000000000       0x1c ./Src/syscalls.o
 .debug_macro   0x0000000000000000      0x12a ./Src/syscalls.o
 .debug_macro   0x0000000000000000       0x10 ./Src/syscalls.o
 .debug_macro   0x0000000000000000       0x35 ./Src/syscalls.o
 .debug_macro   0x0000000000000000       0x10 ./Src/syscalls.o
 .debug_macro   0x0000000000000000       0x10 ./Src/syscalls.o
 .debug_macro   0x0000000000000000       0x10 ./Src/syscalls.o
 .debug_macro   0x0000000000000000       0x6a ./Src/syscalls.o
 .debug_macro   0x0000000000000000       0x1c ./Src/syscalls.o
 .debug_macro   0x0000000000000000       0x52 ./Src/syscalls.o
 .debug_macro   0x0000000000000000       0x22 ./Src/syscalls.o
 .debug_macro   0x0000000000000000       0x10 ./Src/syscalls.o
 .debug_macro   0x0000000000000000       0x52 ./Src/syscalls.o
 .debug_macro   0x0000000000000000       0xd5 ./Src/syscalls.o
 .debug_macro   0x0000000000000000       0x1c ./Src/syscalls.o
 .debug_macro   0x0000000000000000       0x3d ./Src/syscalls.o
 .debug_macro   0x0000000000000000       0x35 ./Src/syscalls.o
 .debug_macro   0x0000000000000000      0x12c ./Src/syscalls.o
 .debug_macro   0x0000000000000000       0x16 ./Src/syscalls.o
 .debug_macro   0x0000000000000000       0x16 ./Src/syscalls.o
 .debug_macro   0x0000000000000000       0x29 ./Src/syscalls.o
 .debug_macro   0x0000000000000000       0x10 ./Src/syscalls.o
 .debug_macro   0x0000000000000000      0x241 ./Src/syscalls.o
 .debug_macro   0x0000000000000000       0x1c ./Src/syscalls.o
 .debug_macro   0x0000000000000000       0x10 ./Src/syscalls.o
 .debug_macro   0x0000000000000000       0x10 ./Src/syscalls.o
 .debug_macro   0x0000000000000000       0x16 ./Src/syscalls.o
 .debug_macro   0x0000000000000000      0x145 ./Src/syscalls.o
 .debug_macro   0x0000000000000000      0x189 ./Src/syscalls.o
 .debug_macro   0x0000000000000000       0x16 ./Src/syscalls.o
 .debug_macro   0x0000000000000000       0xce ./Src/syscalls.o
 .debug_line    0x0000000000000000      0x826 ./Src/syscalls.o
 .debug_str     0x0000000000000000     0x8a81 ./Src/syscalls.o
 .comment       0x0000000000000000       0x51 ./Src/syscalls.o
 .debug_frame   0x0000000000000000      0x2ac ./Src/syscalls.o
 .ARM.attributes
                0x0000000000000000       0x34 ./Src/syscalls.o
 .group         0x0000000000000000        0xc ./Src/sysmem.o
 .group         0x0000000000000000        0xc ./Src/sysmem.o
 .group         0x0000000000000000        0xc ./Src/sysmem.o
 .group         0x0000000000000000        0xc ./Src/sysmem.o
 .group         0x0000000000000000        0xc ./Src/sysmem.o
 .group         0x0000000000000000        0xc ./Src/sysmem.o
 .group         0x0000000000000000        0xc ./Src/sysmem.o
 .group         0x0000000000000000        0xc ./Src/sysmem.o
 .group         0x0000000000000000        0xc ./Src/sysmem.o
 .group         0x0000000000000000        0xc ./Src/sysmem.o
 .group         0x0000000000000000        0xc ./Src/sysmem.o
 .group         0x0000000000000000        0xc ./Src/sysmem.o
 .group         0x0000000000000000        0xc ./Src/sysmem.o
 .group         0x0000000000000000        0xc ./Src/sysmem.o
 .group         0x0000000000000000        0xc ./Src/sysmem.o
 .group         0x0000000000000000        0xc ./Src/sysmem.o
 .group         0x0000000000000000        0xc ./Src/sysmem.o
 .group         0x0000000000000000        0xc ./Src/sysmem.o
 .group         0x0000000000000000        0xc ./Src/sysmem.o
 .group         0x0000000000000000        0xc ./Src/sysmem.o
 .group         0x0000000000000000        0xc ./Src/sysmem.o
 .group         0x0000000000000000        0xc ./Src/sysmem.o
 .text          0x0000000000000000        0x0 ./Src/sysmem.o
 .data          0x0000000000000000        0x0 ./Src/sysmem.o
 .bss           0x0000000000000000        0x0 ./Src/sysmem.o
 .bss.__sbrk_heap_end
                0x0000000000000000        0x4 ./Src/sysmem.o
 .text._sbrk    0x0000000000000000       0x6c ./Src/sysmem.o
 .debug_info    0x0000000000000000      0x171 ./Src/sysmem.o
 .debug_abbrev  0x0000000000000000       0xbb ./Src/sysmem.o
 .debug_aranges
                0x0000000000000000       0x20 ./Src/sysmem.o
 .debug_ranges  0x0000000000000000       0x10 ./Src/sysmem.o
 .debug_macro   0x0000000000000000       0xff ./Src/sysmem.o
 .debug_macro   0x0000000000000000      0xa84 ./Src/sysmem.o
 .debug_macro   0x0000000000000000       0x10 ./Src/sysmem.o
 .debug_macro   0x0000000000000000       0x22 ./Src/sysmem.o
 .debug_macro   0x0000000000000000       0x4c ./Src/sysmem.o
 .debug_macro   0x0000000000000000       0x1e ./Src/sysmem.o
 .debug_macro   0x0000000000000000       0x94 ./Src/sysmem.o
 .debug_macro   0x0000000000000000       0x3c ./Src/sysmem.o
 .debug_macro   0x0000000000000000       0x34 ./Src/sysmem.o
 .debug_macro   0x0000000000000000      0x174 ./Src/sysmem.o
 .debug_macro   0x0000000000000000       0x16 ./Src/sysmem.o
 .debug_macro   0x0000000000000000       0x43 ./Src/sysmem.o
 .debug_macro   0x0000000000000000       0x57 ./Src/sysmem.o
 .debug_macro   0x0000000000000000       0x34 ./Src/sysmem.o
 .debug_macro   0x0000000000000000       0x10 ./Src/sysmem.o
 .debug_macro   0x0000000000000000       0x58 ./Src/sysmem.o
 .debug_macro   0x0000000000000000       0x71 ./Src/sysmem.o
 .debug_macro   0x0000000000000000       0x1c ./Src/sysmem.o
 .debug_macro   0x0000000000000000      0x12a ./Src/sysmem.o
 .debug_macro   0x0000000000000000      0x23b ./Src/sysmem.o
 .debug_macro   0x0000000000000000      0x103 ./Src/sysmem.o
 .debug_macro   0x0000000000000000       0x6a ./Src/sysmem.o
 .debug_macro   0x0000000000000000      0x1df ./Src/sysmem.o
 .debug_line    0x0000000000000000      0x51c ./Src/sysmem.o
 .debug_str     0x0000000000000000     0x5dbd ./Src/sysmem.o
 .comment       0x0000000000000000       0x51 ./Src/sysmem.o
 .debug_frame   0x0000000000000000       0x34 ./Src/sysmem.o
 .ARM.attributes
                0x0000000000000000       0x34 ./Src/sysmem.o
 .text          0x0000000000000000       0x14 ./Startup/startup_stm32f446retx.o
 .data          0x0000000000000000        0x0 ./Startup/startup_stm32f446retx.o
 .bss           0x0000000000000000        0x0 ./Startup/startup_stm32f446retx.o
 .group         0x0000000000000000        0xc ./drivers/Src/stm32f446xx_gpio_driver.o
 .group         0x0000000000000000        0xc ./drivers/Src/stm32f446xx_gpio_driver.o
 .group         0x0000000000000000        0xc ./drivers/Src/stm32f446xx_gpio_driver.o
 .group         0x0000000000000000        0xc ./drivers/Src/stm32f446xx_gpio_driver.o
 .group         0x0000000000000000        0xc ./drivers/Src/stm32f446xx_gpio_driver.o
 .group         0x0000000000000000        0xc ./drivers/Src/stm32f446xx_gpio_driver.o
 .group         0x0000000000000000        0xc ./drivers/Src/stm32f446xx_gpio_driver.o
 .group         0x0000000000000000        0xc ./drivers/Src/stm32f446xx_gpio_driver.o
 .group         0x0000000000000000        0xc ./drivers/Src/stm32f446xx_gpio_driver.o
 .group         0x0000000000000000        0xc ./drivers/Src/stm32f446xx_gpio_driver.o
 .group         0x0000000000000000        0xc ./drivers/Src/stm32f446xx_gpio_driver.o
 .text          0x0000000000000000        0x0 ./drivers/Src/stm32f446xx_gpio_driver.o
 .data          0x0000000000000000        0x0 ./drivers/Src/stm32f446xx_gpio_driver.o
 .bss           0x0000000000000000        0x0 ./drivers/Src/stm32f446xx_gpio_driver.o
 .text.GPIO_DeInit
                0x0000000000000000      0x148 ./drivers/Src/stm32f446xx_gpio_driver.o
 .text.GPIO_ReadFromInputPin
                0x0000000000000000       0x2c ./drivers/Src/stm32f446xx_gpio_driver.o
 .text.GPIO_ReadFromInputPort
                0x0000000000000000       0x1c ./drivers/Src/stm32f446xx_gpio_driver.o
 .text.GPIO_WriteToOutputPin
                0x0000000000000000       0x4a ./drivers/Src/stm32f446xx_gpio_driver.o
 .text.GPIO_WriteToOutputPort
                0x0000000000000000       0x1e ./drivers/Src/stm32f446xx_gpio_driver.o
 .text.GPIO_ToggleOutputPin
                0x0000000000000000       0x2a ./drivers/Src/stm32f446xx_gpio_driver.o
 .text.GPIO_IRQInterruptConfig
                0x0000000000000000      0x160 ./drivers/Src/stm32f446xx_gpio_driver.o
 .text.GPIO_IRQPriorityConfig
                0x0000000000000000       0x56 ./drivers/Src/stm32f446xx_gpio_driver.o
 .text.GPIO_IRQHandling
                0x0000000000000000       0x40 ./drivers/Src/stm32f446xx_gpio_driver.o
 .debug_macro   0x0000000000000000      0xa84 ./drivers/Src/stm32f446xx_gpio_driver.o
 .debug_macro   0x0000000000000000       0x22 ./drivers/Src/stm32f446xx_gpio_driver.o
 .debug_macro   0x0000000000000000      0x103 ./drivers/Src/stm32f446xx_gpio_driver.o
 .debug_macro   0x0000000000000000       0x6a ./drivers/Src/stm32f446xx_gpio_driver.o
 .debug_macro   0x0000000000000000      0x1df ./drivers/Src/stm32f446xx_gpio_driver.o
 .debug_macro   0x0000000000000000      0x65f ./drivers/Src/stm32f446xx_gpio_driver.o
 .debug_macro   0x0000000000000000       0xca ./drivers/Src/stm32f446xx_gpio_driver.o
 .debug_macro   0x0000000000000000       0xbe ./drivers/Src/stm32f446xx_gpio_driver.o
 .debug_macro   0x0000000000000000       0x9a ./drivers/Src/stm32f446xx_gpio_driver.o
 .group         0x0000000000000000        0xc ./drivers/Src/stm32f446xx_i2c_driver.o
 .group         0x0000000000000000        0xc ./drivers/Src/stm32f446xx_i2c_driver.o
 .group         0x0000000000000000        0xc ./drivers/Src/stm32f446xx_i2c_driver.o
 .group         0x0000000000000000        0xc ./drivers/Src/stm32f446xx_i2c_driver.o
 .group         0x0000000000000000        0xc ./drivers/Src/stm32f446xx_i2c_driver.o
 .group         0x0000000000000000        0xc ./drivers/Src/stm32f446xx_i2c_driver.o
 .group         0x0000000000000000        0xc ./drivers/Src/stm32f446xx_i2c_driver.o
 .group         0x0000000000000000        0xc ./drivers/Src/stm32f446xx_i2c_driver.o
 .group         0x0000000000000000        0xc ./drivers/Src/stm32f446xx_i2c_driver.o
 .group         0x0000000000000000        0xc ./drivers/Src/stm32f446xx_i2c_driver.o
 .group         0x0000000000000000        0xc ./drivers/Src/stm32f446xx_i2c_driver.o
 .text          0x0000000000000000        0x0 ./drivers/Src/stm32f446xx_i2c_driver.o
 .data          0x0000000000000000        0x0 ./drivers/Src/stm32f446xx_i2c_driver.o
 .bss           0x0000000000000000        0x0 ./drivers/Src/stm32f446xx_i2c_driver.o
 .text.I2C_ExecuteAddressPhaseRead
                0x0000000000000000       0x2c ./drivers/Src/stm32f446xx_i2c_driver.o
 .text.RCC_GetPCLK2Value
                0x0000000000000000       0xa0 ./drivers/Src/stm32f446xx_i2c_driver.o
 .text.I2C_MasterReceiveData
                0x0000000000000000      0x114 ./drivers/Src/stm32f446xx_i2c_driver.o
 .debug_macro   0x0000000000000000      0xa84 ./drivers/Src/stm32f446xx_i2c_driver.o
 .debug_macro   0x0000000000000000       0x22 ./drivers/Src/stm32f446xx_i2c_driver.o
 .debug_macro   0x0000000000000000       0x8e ./drivers/Src/stm32f446xx_i2c_driver.o
 .debug_macro   0x0000000000000000       0x51 ./drivers/Src/stm32f446xx_i2c_driver.o
 .debug_macro   0x0000000000000000      0x103 ./drivers/Src/stm32f446xx_i2c_driver.o
 .debug_macro   0x0000000000000000       0x6a ./drivers/Src/stm32f446xx_i2c_driver.o
 .debug_macro   0x0000000000000000      0x1df ./drivers/Src/stm32f446xx_i2c_driver.o
 .debug_macro   0x0000000000000000      0x65f ./drivers/Src/stm32f446xx_i2c_driver.o
 .debug_macro   0x0000000000000000       0xca ./drivers/Src/stm32f446xx_i2c_driver.o
 .debug_macro   0x0000000000000000       0xbe ./drivers/Src/stm32f446xx_i2c_driver.o
 .group         0x0000000000000000        0xc ./drivers/Src/stm32f446xx_spi_driver.o
 .group         0x0000000000000000        0xc ./drivers/Src/stm32f446xx_spi_driver.o
 .group         0x0000000000000000        0xc ./drivers/Src/stm32f446xx_spi_driver.o
 .group         0x0000000000000000        0xc ./drivers/Src/stm32f446xx_spi_driver.o
 .group         0x0000000000000000        0xc ./drivers/Src/stm32f446xx_spi_driver.o
 .group         0x0000000000000000        0xc ./drivers/Src/stm32f446xx_spi_driver.o
 .group         0x0000000000000000        0xc ./drivers/Src/stm32f446xx_spi_driver.o
 .group         0x0000000000000000        0xc ./drivers/Src/stm32f446xx_spi_driver.o
 .group         0x0000000000000000        0xc ./drivers/Src/stm32f446xx_spi_driver.o
 .group         0x0000000000000000        0xc ./drivers/Src/stm32f446xx_spi_driver.o
 .group         0x0000000000000000        0xc ./drivers/Src/stm32f446xx_spi_driver.o
 .group         0x0000000000000000        0xc ./drivers/Src/stm32f446xx_spi_driver.o
 .text          0x0000000000000000        0x0 ./drivers/Src/stm32f446xx_spi_driver.o
 .data          0x0000000000000000        0x0 ./drivers/Src/stm32f446xx_spi_driver.o
 .bss           0x0000000000000000        0x0 ./drivers/Src/stm32f446xx_spi_driver.o
 .text.SPI_PeriClockControl
                0x0000000000000000       0x70 ./drivers/Src/stm32f446xx_spi_driver.o
 .text.SPI_Init
                0x0000000000000000       0xbe ./drivers/Src/stm32f446xx_spi_driver.o
 .text.SPI_DeInit
                0x0000000000000000       0x14 ./drivers/Src/stm32f446xx_spi_driver.o
 .text.SPI_GetFlagStatus
                0x0000000000000000       0x28 ./drivers/Src/stm32f446xx_spi_driver.o
 .text.SPI_SendData
                0x0000000000000000       0x6e ./drivers/Src/stm32f446xx_spi_driver.o
 .text.SPI_ReceiveData
                0x0000000000000000       0x6e ./drivers/Src/stm32f446xx_spi_driver.o
 .text.SPI_PeripheralControl
                0x0000000000000000       0x38 ./drivers/Src/stm32f446xx_spi_driver.o
 .text.SPI_SSIConfig
                0x0000000000000000       0x38 ./drivers/Src/stm32f446xx_spi_driver.o
 .text.SPI_SSOEConfig
                0x0000000000000000       0x38 ./drivers/Src/stm32f446xx_spi_driver.o
 .text.SPI_IRQInterruptConfig
                0x0000000000000000      0x10c ./drivers/Src/stm32f446xx_spi_driver.o
 .text.SPI_IRQPriorityConfig
                0x0000000000000000       0x54 ./drivers/Src/stm32f446xx_spi_driver.o
 .text.SPI_SendDataIT
                0x0000000000000000       0x4a ./drivers/Src/stm32f446xx_spi_driver.o
 .text.SPI_ReceiveDataIT
                0x0000000000000000       0x4a ./drivers/Src/stm32f446xx_spi_driver.o
 .text.SPI_IRQHandling
                0x0000000000000000       0x9a ./drivers/Src/stm32f446xx_spi_driver.o
 .text.spi_txe_interrupt_handle
                0x0000000000000000       0x86 ./drivers/Src/stm32f446xx_spi_driver.o
 .text.spi_rxne_interrupt_handle
                0x0000000000000000       0x88 ./drivers/Src/stm32f446xx_spi_driver.o
 .text.spi_ovr_err_interrupt_handle
                0x0000000000000000       0x30 ./drivers/Src/stm32f446xx_spi_driver.o
 .text.SPI_CloseTransmisson
                0x0000000000000000       0x36 ./drivers/Src/stm32f446xx_spi_driver.o
 .text.SPI_CloseReception
                0x0000000000000000       0x36 ./drivers/Src/stm32f446xx_spi_driver.o
 .text.SPI_ClearOVRFlag
                0x0000000000000000       0x20 ./drivers/Src/stm32f446xx_spi_driver.o
 .text.SPI_ApplicationEventCallback
                0x0000000000000000       0x18 ./drivers/Src/stm32f446xx_spi_driver.o
 .debug_info    0x0000000000000000      0x912 ./drivers/Src/stm32f446xx_spi_driver.o
 .debug_abbrev  0x0000000000000000      0x215 ./drivers/Src/stm32f446xx_spi_driver.o
 .debug_aranges
                0x0000000000000000       0xc0 ./drivers/Src/stm32f446xx_spi_driver.o
 .debug_ranges  0x0000000000000000       0xb0 ./drivers/Src/stm32f446xx_spi_driver.o
 .debug_macro   0x0000000000000000       0xad ./drivers/Src/stm32f446xx_spi_driver.o
 .debug_macro   0x0000000000000000      0xa84 ./drivers/Src/stm32f446xx_spi_driver.o
 .debug_macro   0x0000000000000000       0x22 ./drivers/Src/stm32f446xx_spi_driver.o
 .debug_macro   0x0000000000000000       0x8e ./drivers/Src/stm32f446xx_spi_driver.o
 .debug_macro   0x0000000000000000       0x51 ./drivers/Src/stm32f446xx_spi_driver.o
 .debug_macro   0x0000000000000000      0x103 ./drivers/Src/stm32f446xx_spi_driver.o
 .debug_macro   0x0000000000000000       0x6a ./drivers/Src/stm32f446xx_spi_driver.o
 .debug_macro   0x0000000000000000      0x1df ./drivers/Src/stm32f446xx_spi_driver.o
 .debug_macro   0x0000000000000000      0x65f ./drivers/Src/stm32f446xx_spi_driver.o
 .debug_macro   0x0000000000000000       0xca ./drivers/Src/stm32f446xx_spi_driver.o
 .debug_macro   0x0000000000000000       0x94 ./drivers/Src/stm32f446xx_spi_driver.o
 .debug_macro   0x0000000000000000       0xbe ./drivers/Src/stm32f446xx_spi_driver.o
 .debug_macro   0x0000000000000000      0x174 ./drivers/Src/stm32f446xx_spi_driver.o
 .debug_line    0x0000000000000000      0x96c ./drivers/Src/stm32f446xx_spi_driver.o
 .debug_str     0x0000000000000000     0x69ba ./drivers/Src/stm32f446xx_spi_driver.o
 .comment       0x0000000000000000       0x51 ./drivers/Src/stm32f446xx_spi_driver.o
 .debug_frame   0x0000000000000000      0x33c ./drivers/Src/stm32f446xx_spi_driver.o
 .ARM.attributes
                0x0000000000000000       0x34 ./drivers/Src/stm32f446xx_spi_driver.o
 .text          0x0000000000000000        0x0 /Applications/STM32CubeIDE.app/Contents/Eclipse/plugins/com.st.stm32cube.ide.mcu.externaltools.gnu-tools-for-stm32.10.3-2021.10.macos64_1.0.0.202111181127/tools/bin/../lib/gcc/arm-none-eabi/10.3.1/../../../../arm-none-eabi/lib/thumb/v7e-m+fp/hard/libc_nano.a(lib_a-errno.o)
 .data          0x0000000000000000        0x0 /Applications/STM32CubeIDE.app/Contents/Eclipse/plugins/com.st.stm32cube.ide.mcu.externaltools.gnu-tools-for-stm32.10.3-2021.10.macos64_1.0.0.202111181127/tools/bin/../lib/gcc/arm-none-eabi/10.3.1/../../../../arm-none-eabi/lib/thumb/v7e-m+fp/hard/libc_nano.a(lib_a-errno.o)
 .bss           0x0000000000000000        0x0 /Applications/STM32CubeIDE.app/Contents/Eclipse/plugins/com.st.stm32cube.ide.mcu.externaltools.gnu-tools-for-stm32.10.3-2021.10.macos64_1.0.0.202111181127/tools/bin/../lib/gcc/arm-none-eabi/10.3.1/../../../../arm-none-eabi/lib/thumb/v7e-m+fp/hard/libc_nano.a(lib_a-errno.o)
 .text.__errno  0x0000000000000000        0xc /Applications/STM32CubeIDE.app/Contents/Eclipse/plugins/com.st.stm32cube.ide.mcu.externaltools.gnu-tools-for-stm32.10.3-2021.10.macos64_1.0.0.202111181127/tools/bin/../lib/gcc/arm-none-eabi/10.3.1/../../../../arm-none-eabi/lib/thumb/v7e-m+fp/hard/libc_nano.a(lib_a-errno.o)
 .debug_frame   0x0000000000000000       0x20 /Applications/STM32CubeIDE.app/Contents/Eclipse/plugins/com.st.stm32cube.ide.mcu.externaltools.gnu-tools-for-stm32.10.3-2021.10.macos64_1.0.0.202111181127/tools/bin/../lib/gcc/arm-none-eabi/10.3.1/../../../../arm-none-eabi/lib/thumb/v7e-m+fp/hard/libc_nano.a(lib_a-errno.o)
 .ARM.attributes
                0x0000000000000000       0x34 /Applications/STM32CubeIDE.app/Contents/Eclipse/plugins/com.st.stm32cube.ide.mcu.externaltools.gnu-tools-for-stm32.10.3-2021.10.macos64_1.0.0.202111181127/tools/bin/../lib/gcc/arm-none-eabi/10.3.1/../../../../arm-none-eabi/lib/thumb/v7e-m+fp/hard/libc_nano.a(lib_a-errno.o)
 .text          0x0000000000000000        0x0 /Applications/STM32CubeIDE.app/Contents/Eclipse/plugins/com.st.stm32cube.ide.mcu.externaltools.gnu-tools-for-stm32.10.3-2021.10.macos64_1.0.0.202111181127/tools/bin/../lib/gcc/arm-none-eabi/10.3.1/../../../../arm-none-eabi/lib/thumb/v7e-m+fp/hard/libc_nano.a(lib_a-exit.o)
 .data          0x0000000000000000        0x0 /Applications/STM32CubeIDE.app/Contents/Eclipse/plugins/com.st.stm32cube.ide.mcu.externaltools.gnu-tools-for-stm32.10.3-2021.10.macos64_1.0.0.202111181127/tools/bin/../lib/gcc/arm-none-eabi/10.3.1/../../../../arm-none-eabi/lib/thumb/v7e-m+fp/hard/libc_nano.a(lib_a-exit.o)
 .bss           0x0000000000000000        0x0 /Applications/STM32CubeIDE.app/Contents/Eclipse/plugins/com.st.stm32cube.ide.mcu.externaltools.gnu-tools-for-stm32.10.3-2021.10.macos64_1.0.0.202111181127/tools/bin/../lib/gcc/arm-none-eabi/10.3.1/../../../../arm-none-eabi/lib/thumb/v7e-m+fp/hard/libc_nano.a(lib_a-exit.o)
 .text.exit     0x0000000000000000       0x28 /Applications/STM32CubeIDE.app/Contents/Eclipse/plugins/com.st.stm32cube.ide.mcu.externaltools.gnu-tools-for-stm32.10.3-2021.10.macos64_1.0.0.202111181127/tools/bin/../lib/gcc/arm-none-eabi/10.3.1/../../../../arm-none-eabi/lib/thumb/v7e-m+fp/hard/libc_nano.a(lib_a-exit.o)
 .debug_frame   0x0000000000000000       0x28 /Applications/STM32CubeIDE.app/Contents/Eclipse/plugins/com.st.stm32cube.ide.mcu.externaltools.gnu-tools-for-stm32.10.3-2021.10.macos64_1.0.0.202111181127/tools/bin/../lib/gcc/arm-none-eabi/10.3.1/../../../../arm-none-eabi/lib/thumb/v7e-m+fp/hard/libc_nano.a(lib_a-exit.o)
 .ARM.attributes
                0x0000000000000000       0x34 /Applications/STM32CubeIDE.app/Contents/Eclipse/plugins/com.st.stm32cube.ide.mcu.externaltools.gnu-tools-for-stm32.10.3-2021.10.macos64_1.0.0.202111181127/tools/bin/../lib/gcc/arm-none-eabi/10.3.1/../../../../arm-none-eabi/lib/thumb/v7e-m+fp/hard/libc_nano.a(lib_a-exit.o)
 .text          0x0000000000000000        0x0 /Applications/STM32CubeIDE.app/Contents/Eclipse/plugins/com.st.stm32cube.ide.mcu.externaltools.gnu-tools-for-stm32.10.3-2021.10.macos64_1.0.0.202111181127/tools/bin/../lib/gcc/arm-none-eabi/10.3.1/../../../../arm-none-eabi/lib/thumb/v7e-m+fp/hard/libc_nano.a(lib_a-impure.o)
 .data          0x0000000000000000        0x0 /Applications/STM32CubeIDE.app/Contents/Eclipse/plugins/com.st.stm32cube.ide.mcu.externaltools.gnu-tools-for-stm32.10.3-2021.10.macos64_1.0.0.202111181127/tools/bin/../lib/gcc/arm-none-eabi/10.3.1/../../../../arm-none-eabi/lib/thumb/v7e-m+fp/hard/libc_nano.a(lib_a-impure.o)
 .bss           0x0000000000000000        0x0 /Applications/STM32CubeIDE.app/Contents/Eclipse/plugins/com.st.stm32cube.ide.mcu.externaltools.gnu-tools-for-stm32.10.3-2021.10.macos64_1.0.0.202111181127/tools/bin/../lib/gcc/arm-none-eabi/10.3.1/../../../../arm-none-eabi/lib/thumb/v7e-m+fp/hard/libc_nano.a(lib_a-impure.o)
 .data._impure_ptr
                0x0000000000000000        0x4 /Applications/STM32CubeIDE.app/Contents/Eclipse/plugins/com.st.stm32cube.ide.mcu.externaltools.gnu-tools-for-stm32.10.3-2021.10.macos64_1.0.0.202111181127/tools/bin/../lib/gcc/arm-none-eabi/10.3.1/../../../../arm-none-eabi/lib/thumb/v7e-m+fp/hard/libc_nano.a(lib_a-impure.o)
 .data.impure_data
                0x0000000000000000       0x60 /Applications/STM32CubeIDE.app/Contents/Eclipse/plugins/com.st.stm32cube.ide.mcu.externaltools.gnu-tools-for-stm32.10.3-2021.10.macos64_1.0.0.202111181127/tools/bin/../lib/gcc/arm-none-eabi/10.3.1/../../../../arm-none-eabi/lib/thumb/v7e-m+fp/hard/libc_nano.a(lib_a-impure.o)
 .rodata._global_impure_ptr
                0x0000000000000000        0x4 /Applications/STM32CubeIDE.app/Contents/Eclipse/plugins/com.st.stm32cube.ide.mcu.externaltools.gnu-tools-for-stm32.10.3-2021.10.macos64_1.0.0.202111181127/tools/bin/../lib/gcc/arm-none-eabi/10.3.1/../../../../arm-none-eabi/lib/thumb/v7e-m+fp/hard/libc_nano.a(lib_a-impure.o)
 .ARM.attributes
                0x0000000000000000       0x34 /Applications/STM32CubeIDE.app/Contents/Eclipse/plugins/com.st.stm32cube.ide.mcu.externaltools.gnu-tools-for-stm32.10.3-2021.10.macos64_1.0.0.202111181127/tools/bin/../lib/gcc/arm-none-eabi/10.3.1/../../../../arm-none-eabi/lib/thumb/v7e-m+fp/hard/libc_nano.a(lib_a-impure.o)
 .text          0x0000000000000000        0x0 /Applications/STM32CubeIDE.app/Contents/Eclipse/plugins/com.st.stm32cube.ide.mcu.externaltools.gnu-tools-for-stm32.10.3-2021.10.macos64_1.0.0.202111181127/tools/bin/../lib/gcc/arm-none-eabi/10.3.1/../../../../arm-none-eabi/lib/thumb/v7e-m+fp/hard/libc_nano.a(lib_a-init.o)
 .data          0x0000000000000000        0x0 /Applications/STM32CubeIDE.app/Contents/Eclipse/plugins/com.st.stm32cube.ide.mcu.externaltools.gnu-tools-for-stm32.10.3-2021.10.macos64_1.0.0.202111181127/tools/bin/../lib/gcc/arm-none-eabi/10.3.1/../../../../arm-none-eabi/lib/thumb/v7e-m+fp/hard/libc_nano.a(lib_a-init.o)
 .bss           0x0000000000000000        0x0 /Applications/STM32CubeIDE.app/Contents/Eclipse/plugins/com.st.stm32cube.ide.mcu.externaltools.gnu-tools-for-stm32.10.3-2021.10.macos64_1.0.0.202111181127/tools/bin/../lib/gcc/arm-none-eabi/10.3.1/../../../../arm-none-eabi/lib/thumb/v7e-m+fp/hard/libc_nano.a(lib_a-init.o)
 .text          0x0000000000000000        0x0 /Applications/STM32CubeIDE.app/Contents/Eclipse/plugins/com.st.stm32cube.ide.mcu.externaltools.gnu-tools-for-stm32.10.3-2021.10.macos64_1.0.0.202111181127/tools/bin/../lib/gcc/arm-none-eabi/10.3.1/../../../../arm-none-eabi/lib/thumb/v7e-m+fp/hard/libc_nano.a(lib_a-memset.o)
 .data          0x0000000000000000        0x0 /Applications/STM32CubeIDE.app/Contents/Eclipse/plugins/com.st.stm32cube.ide.mcu.externaltools.gnu-tools-for-stm32.10.3-2021.10.macos64_1.0.0.202111181127/tools/bin/../lib/gcc/arm-none-eabi/10.3.1/../../../../arm-none-eabi/lib/thumb/v7e-m+fp/hard/libc_nano.a(lib_a-memset.o)
 .bss           0x0000000000000000        0x0 /Applications/STM32CubeIDE.app/Contents/Eclipse/plugins/com.st.stm32cube.ide.mcu.externaltools.gnu-tools-for-stm32.10.3-2021.10.macos64_1.0.0.202111181127/tools/bin/../lib/gcc/arm-none-eabi/10.3.1/../../../../arm-none-eabi/lib/thumb/v7e-m+fp/hard/libc_nano.a(lib_a-memset.o)
 .text.memset   0x0000000000000000       0x10 /Applications/STM32CubeIDE.app/Contents/Eclipse/plugins/com.st.stm32cube.ide.mcu.externaltools.gnu-tools-for-stm32.10.3-2021.10.macos64_1.0.0.202111181127/tools/bin/../lib/gcc/arm-none-eabi/10.3.1/../../../../arm-none-eabi/lib/thumb/v7e-m+fp/hard/libc_nano.a(lib_a-memset.o)
 .debug_frame   0x0000000000000000       0x20 /Applications/STM32CubeIDE.app/Contents/Eclipse/plugins/com.st.stm32cube.ide.mcu.externaltools.gnu-tools-for-stm32.10.3-2021.10.macos64_1.0.0.202111181127/tools/bin/../lib/gcc/arm-none-eabi/10.3.1/../../../../arm-none-eabi/lib/thumb/v7e-m+fp/hard/libc_nano.a(lib_a-memset.o)
 .ARM.attributes
                0x0000000000000000       0x34 /Applications/STM32CubeIDE.app/Contents/Eclipse/plugins/com.st.stm32cube.ide.mcu.externaltools.gnu-tools-for-stm32.10.3-2021.10.macos64_1.0.0.202111181127/tools/bin/../lib/gcc/arm-none-eabi/10.3.1/../../../../arm-none-eabi/lib/thumb/v7e-m+fp/hard/libc_nano.a(lib_a-memset.o)
 .data          0x0000000000000000        0x0 /Applications/STM32CubeIDE.app/Contents/Eclipse/plugins/com.st.stm32cube.ide.mcu.externaltools.gnu-tools-for-stm32.10.3-2021.10.macos64_1.0.0.202111181127/tools/bin/../lib/gcc/arm-none-eabi/10.3.1/../../../../arm-none-eabi/lib/thumb/v7e-m+fp/hard/libc_nano.a(lib_a-strlen.o)
 .bss           0x0000000000000000        0x0 /Applications/STM32CubeIDE.app/Contents/Eclipse/plugins/com.st.stm32cube.ide.mcu.externaltools.gnu-tools-for-stm32.10.3-2021.10.macos64_1.0.0.202111181127/tools/bin/../lib/gcc/arm-none-eabi/10.3.1/../../../../arm-none-eabi/lib/thumb/v7e-m+fp/hard/libc_nano.a(lib_a-strlen.o)
 .text          0x0000000000000000        0x0 /Applications/STM32CubeIDE.app/Contents/Eclipse/plugins/com.st.stm32cube.ide.mcu.externaltools.gnu-tools-for-stm32.10.3-2021.10.macos64_1.0.0.202111181127/tools/bin/../lib/gcc/arm-none-eabi/10.3.1/thumb/v7e-m+fp/hard/crtend.o
 .data          0x0000000000000000        0x0 /Applications/STM32CubeIDE.app/Contents/Eclipse/plugins/com.st.stm32cube.ide.mcu.externaltools.gnu-tools-for-stm32.10.3-2021.10.macos64_1.0.0.202111181127/tools/bin/../lib/gcc/arm-none-eabi/10.3.1/thumb/v7e-m+fp/hard/crtend.o
 .bss           0x0000000000000000        0x0 /Applications/STM32CubeIDE.app/Contents/Eclipse/plugins/com.st.stm32cube.ide.mcu.externaltools.gnu-tools-for-stm32.10.3-2021.10.macos64_1.0.0.202111181127/tools/bin/../lib/gcc/arm-none-eabi/10.3.1/thumb/v7e-m+fp/hard/crtend.o
 .rodata        0x0000000000000000       0x24 /Applications/STM32CubeIDE.app/Contents/Eclipse/plugins/com.st.stm32cube.ide.mcu.externaltools.gnu-tools-for-stm32.10.3-2021.10.macos64_1.0.0.202111181127/tools/bin/../lib/gcc/arm-none-eabi/10.3.1/thumb/v7e-m+fp/hard/crtend.o
 .eh_frame      0x0000000000000000        0x4 /Applications/STM32CubeIDE.app/Contents/Eclipse/plugins/com.st.stm32cube.ide.mcu.externaltools.gnu-tools-for-stm32.10.3-2021.10.macos64_1.0.0.202111181127/tools/bin/../lib/gcc/arm-none-eabi/10.3.1/thumb/v7e-m+fp/hard/crtend.o
 .ARM.attributes
                0x0000000000000000       0x34 /Applications/STM32CubeIDE.app/Contents/Eclipse/plugins/com.st.stm32cube.ide.mcu.externaltools.gnu-tools-for-stm32.10.3-2021.10.macos64_1.0.0.202111181127/tools/bin/../lib/gcc/arm-none-eabi/10.3.1/thumb/v7e-m+fp/hard/crtend.o
 .text          0x0000000000000000        0x0 /Applications/STM32CubeIDE.app/Contents/Eclipse/plugins/com.st.stm32cube.ide.mcu.externaltools.gnu-tools-for-stm32.10.3-2021.10.macos64_1.0.0.202111181127/tools/bin/../lib/gcc/arm-none-eabi/10.3.1/thumb/v7e-m+fp/hard/crtn.o
 .data          0x0000000000000000        0x0 /Applications/STM32CubeIDE.app/Contents/Eclipse/plugins/com.st.stm32cube.ide.mcu.externaltools.gnu-tools-for-stm32.10.3-2021.10.macos64_1.0.0.202111181127/tools/bin/../lib/gcc/arm-none-eabi/10.3.1/thumb/v7e-m+fp/hard/crtn.o
 .bss           0x0000000000000000        0x0 /Applications/STM32CubeIDE.app/Contents/Eclipse/plugins/com.st.stm32cube.ide.mcu.externaltools.gnu-tools-for-stm32.10.3-2021.10.macos64_1.0.0.202111181127/tools/bin/../lib/gcc/arm-none-eabi/10.3.1/thumb/v7e-m+fp/hard/crtn.o

Memory Configuration

Name             Origin             Length             Attributes
RAM              0x0000000020000000 0x0000000000020000 xrw
FLASH            0x0000000008000000 0x0000000000080000 xr
*default*        0x0000000000000000 0xffffffffffffffff

Linker script and memory map

LOAD /Applications/STM32CubeIDE.app/Contents/Eclipse/plugins/com.st.stm32cube.ide.mcu.externaltools.gnu-tools-for-stm32.10.3-2021.10.macos64_1.0.0.202111181127/tools/bin/../lib/gcc/arm-none-eabi/10.3.1/thumb/v7e-m+fp/hard/crti.o
LOAD /Applications/STM32CubeIDE.app/Contents/Eclipse/plugins/com.st.stm32cube.ide.mcu.externaltools.gnu-tools-for-stm32.10.3-2021.10.macos64_1.0.0.202111181127/tools/bin/../lib/gcc/arm-none-eabi/10.3.1/thumb/v7e-m+fp/hard/crtbegin.o
LOAD /Applications/STM32CubeIDE.app/Contents/Eclipse/plugins/com.st.stm32cube.ide.mcu.externaltools.gnu-tools-for-stm32.10.3-2021.10.macos64_1.0.0.202111181127/tools/bin/../lib/gcc/arm-none-eabi/10.3.1/../../../../arm-none-eabi/lib/thumb/v7e-m+fp/hard/crt0.o
LOAD ./Src/010i2c_master_tx_testing.o
LOAD ./Src/syscalls.o
LOAD ./Src/sysmem.o
LOAD ./Startup/startup_stm32f446retx.o
LOAD ./drivers/Src/stm32f446xx_gpio_driver.o
LOAD ./drivers/Src/stm32f446xx_i2c_driver.o
LOAD ./drivers/Src/stm32f446xx_spi_driver.o
START GROUP
LOAD /Applications/STM32CubeIDE.app/Contents/Eclipse/plugins/com.st.stm32cube.ide.mcu.externaltools.gnu-tools-for-stm32.10.3-2021.10.macos64_1.0.0.202111181127/tools/bin/../lib/gcc/arm-none-eabi/10.3.1/../../../../arm-none-eabi/lib/thumb/v7e-m+fp/hard/libc_nano.a
LOAD /Applications/STM32CubeIDE.app/Contents/Eclipse/plugins/com.st.stm32cube.ide.mcu.externaltools.gnu-tools-for-stm32.10.3-2021.10.macos64_1.0.0.202111181127/tools/bin/../lib/gcc/arm-none-eabi/10.3.1/../../../../arm-none-eabi/lib/thumb/v7e-m+fp/hard/libm.a
END GROUP
START GROUP
LOAD /Applications/STM32CubeIDE.app/Contents/Eclipse/plugins/com.st.stm32cube.ide.mcu.externaltools.gnu-tools-for-stm32.10.3-2021.10.macos64_1.0.0.202111181127/tools/bin/../lib/gcc/arm-none-eabi/10.3.1/thumb/v7e-m+fp/hard/libgcc.a
LOAD /Applications/STM32CubeIDE.app/Contents/Eclipse/plugins/com.st.stm32cube.ide.mcu.externaltools.gnu-tools-for-stm32.10.3-2021.10.macos64_1.0.0.202111181127/tools/bin/../lib/gcc/arm-none-eabi/10.3.1/../../../../arm-none-eabi/lib/thumb/v7e-m+fp/hard/libc_nano.a
END GROUP
START GROUP
LOAD /Applications/STM32CubeIDE.app/Contents/Eclipse/plugins/com.st.stm32cube.ide.mcu.externaltools.gnu-tools-for-stm32.10.3-2021.10.macos64_1.0.0.202111181127/tools/bin/../lib/gcc/arm-none-eabi/10.3.1/thumb/v7e-m+fp/hard/libgcc.a
LOAD /Applications/STM32CubeIDE.app/Contents/Eclipse/plugins/com.st.stm32cube.ide.mcu.externaltools.gnu-tools-for-stm32.10.3-2021.10.macos64_1.0.0.202111181127/tools/bin/../lib/gcc/arm-none-eabi/10.3.1/../../../../arm-none-eabi/lib/thumb/v7e-m+fp/hard/libc_nano.a
LOAD /Applications/STM32CubeIDE.app/Contents/Eclipse/plugins/com.st.stm32cube.ide.mcu.externaltools.gnu-tools-for-stm32.10.3-2021.10.macos64_1.0.0.202111181127/tools/bin/../lib/gcc/arm-none-eabi/10.3.1/../../../../arm-none-eabi/lib/thumb/v7e-m+fp/hard/libnosys.a
END GROUP
START GROUP
LOAD /Applications/STM32CubeIDE.app/Contents/Eclipse/plugins/com.st.stm32cube.ide.mcu.externaltools.gnu-tools-for-stm32.10.3-2021.10.macos64_1.0.0.202111181127/tools/bin/../lib/gcc/arm-none-eabi/10.3.1/thumb/v7e-m+fp/hard/libgcc.a
LOAD /Applications/STM32CubeIDE.app/Contents/Eclipse/plugins/com.st.stm32cube.ide.mcu.externaltools.gnu-tools-for-stm32.10.3-2021.10.macos64_1.0.0.202111181127/tools/bin/../lib/gcc/arm-none-eabi/10.3.1/../../../../arm-none-eabi/lib/thumb/v7e-m+fp/hard/libc_nano.a
LOAD /Applications/STM32CubeIDE.app/Contents/Eclipse/plugins/com.st.stm32cube.ide.mcu.externaltools.gnu-tools-for-stm32.10.3-2021.10.macos64_1.0.0.202111181127/tools/bin/../lib/gcc/arm-none-eabi/10.3.1/../../../../arm-none-eabi/lib/thumb/v7e-m+fp/hard/libnosys.a
END GROUP
LOAD /Applications/STM32CubeIDE.app/Contents/Eclipse/plugins/com.st.stm32cube.ide.mcu.externaltools.gnu-tools-for-stm32.10.3-2021.10.macos64_1.0.0.202111181127/tools/bin/../lib/gcc/arm-none-eabi/10.3.1/thumb/v7e-m+fp/hard/crtend.o
LOAD /Applications/STM32CubeIDE.app/Contents/Eclipse/plugins/com.st.stm32cube.ide.mcu.externaltools.gnu-tools-for-stm32.10.3-2021.10.macos64_1.0.0.202111181127/tools/bin/../lib/gcc/arm-none-eabi/10.3.1/thumb/v7e-m+fp/hard/crtn.o
                0x0000000020020000                _estack = (ORIGIN (RAM) + LENGTH (RAM))
                0x0000000000000200                _Min_Heap_Size = 0x200
                0x0000000000000400                _Min_Stack_Size = 0x400

.isr_vector     0x0000000008000000      0x1c4
                0x0000000008000000                . = ALIGN (0x4)
 *(.isr_vector)
 .isr_vector    0x0000000008000000      0x1c4 ./Startup/startup_stm32f446retx.o
                0x0000000008000000                g_pfnVectors
                0x00000000080001c4                . = ALIGN (0x4)

.text           0x00000000080001c4      0xb4c
                0x00000000080001c4                . = ALIGN (0x4)
 *(.text)
 .text          0x00000000080001c4       0x40 /Applications/STM32CubeIDE.app/Contents/Eclipse/plugins/com.st.stm32cube.ide.mcu.externaltools.gnu-tools-for-stm32.10.3-2021.10.macos64_1.0.0.202111181127/tools/bin/../lib/gcc/arm-none-eabi/10.3.1/thumb/v7e-m+fp/hard/crtbegin.o
 .text          0x0000000008000204       0x10 /Applications/STM32CubeIDE.app/Contents/Eclipse/plugins/com.st.stm32cube.ide.mcu.externaltools.gnu-tools-for-stm32.10.3-2021.10.macos64_1.0.0.202111181127/tools/bin/../lib/gcc/arm-none-eabi/10.3.1/../../../../arm-none-eabi/lib/thumb/v7e-m+fp/hard/libc_nano.a(lib_a-strlen.o)
                0x0000000008000204                strlen
 *(.text*)
 .text.I2C1_GPIOInits
                0x0000000008000214       0x44 ./Src/010i2c_master_tx_testing.o
                0x0000000008000214                I2C1_GPIOInits
 .text.I2C1_Inits
                0x0000000008000258       0x38 ./Src/010i2c_master_tx_testing.o
                0x0000000008000258                I2C1_Inits
 .text.GPIO_ButtonInit
                0x0000000008000290       0x30 ./Src/010i2c_master_tx_testing.o
                0x0000000008000290                GPIO_ButtonInit
 .text.main     0x00000000080002c0       0x4c ./Src/010i2c_master_tx_testing.o
                0x00000000080002c0                main
 .text.Reset_Handler
                0x000000000800030c       0x50 ./Startup/startup_stm32f446retx.o
                0x000000000800030c                Reset_Handler
 .text.Default_Handler
                0x000000000800035c        0x2 ./Startup/startup_stm32f446retx.o
                0x000000000800035c                DMA1_Stream3_IRQHandler
                0x000000000800035c                EXTI2_IRQHandler
                0x000000000800035c                TIM8_CC_IRQHandler
                0x000000000800035c                SPDIF_Rx_IRQHandler
                0x000000000800035c                DebugMon_Handler
                0x000000000800035c                SPI4_IRQHandler
                0x000000000800035c                TIM1_CC_IRQHandler
                0x000000000800035c                QuadSPI_IRQHandler
                0x000000000800035c                DMA2_Stream5_IRQHandler
                0x000000000800035c                HardFault_Handler
                0x000000000800035c                DMA1_Stream5_IRQHandler
                0x000000000800035c                SysTick_Handler
                0x000000000800035c                PVD_IRQHandler
                0x000000000800035c                SDIO_IRQHandler
                0x000000000800035c                TAMP_STAMP_IRQHandler
                0x000000000800035c                PendSV_Handler
                0x000000000800035c                NMI_Handler
                0x000000000800035c                CAN2_RX1_IRQHandler
                0x000000000800035c                EXTI3_IRQHandler
                0x000000000800035c                TIM8_TRG_COM_TIM14_IRQHandler
                0x000000000800035c                TIM1_UP_TIM10_IRQHandler
                0x000000000800035c                FMPI2C1_error_IRQHandler
                0x000000000800035c                TIM8_UP_TIM13_IRQHandler
                0x000000000800035c                I2C3_ER_IRQHandler
                0x000000000800035c                EXTI0_IRQHandler
                0x000000000800035c                I2C2_EV_IRQHandler
                0x000000000800035c                DMA1_Stream2_IRQHandler
                0x000000000800035c                CAN1_RX0_IRQHandler
                0x000000000800035c                FPU_IRQHandler
                0x000000000800035c                OTG_HS_WKUP_IRQHandler
                0x000000000800035c                UsageFault_Handler
                0x000000000800035c                CAN2_SCE_IRQHandler
                0x000000000800035c                DMA2_Stream2_IRQHandler
                0x000000000800035c                SPI1_IRQHandler
                0x000000000800035c                TIM6_DAC_IRQHandler
                0x000000000800035c                TIM1_BRK_TIM9_IRQHandler
                0x000000000800035c                DCMI_IRQHandler
                0x000000000800035c                CAN2_RX0_IRQHandler
                0x000000000800035c                DMA2_Stream3_IRQHandler
                0x000000000800035c                FMPI2C1_IRQHandler
                0x000000000800035c                SAI2_IRQHandler
                0x000000000800035c                USART6_IRQHandler
                0x000000000800035c                USART3_IRQHandler
                0x000000000800035c                CAN1_RX1_IRQHandler
                0x000000000800035c                UART5_IRQHandler
                0x000000000800035c                DMA2_Stream0_IRQHandler
                0x000000000800035c                TIM4_IRQHandler
                0x000000000800035c                I2C1_EV_IRQHandler
                0x000000000800035c                HDMI_CEC_IRQHandler
                0x000000000800035c                DMA1_Stream6_IRQHandler
                0x000000000800035c                DMA1_Stream1_IRQHandler
                0x000000000800035c                UART4_IRQHandler
                0x000000000800035c                TIM3_IRQHandler
                0x000000000800035c                RCC_IRQHandler
                0x000000000800035c                TIM8_BRK_TIM12_IRQHandler
                0x000000000800035c                Default_Handler
                0x000000000800035c                EXTI15_10_IRQHandler
                0x000000000800035c                ADC_IRQHandler
                0x000000000800035c                DMA1_Stream7_IRQHandler
                0x000000000800035c                TIM7_IRQHandler
                0x000000000800035c                CAN2_TX_IRQHandler
                0x000000000800035c                TIM5_IRQHandler
                0x000000000800035c                DMA2_Stream7_IRQHandler
                0x000000000800035c                I2C3_EV_IRQHandler
                0x000000000800035c                EXTI9_5_IRQHandler
                0x000000000800035c                RTC_WKUP_IRQHandler
                0x000000000800035c                SPI2_IRQHandler
                0x000000000800035c                OTG_HS_EP1_IN_IRQHandler
                0x000000000800035c                MemManage_Handler
                0x000000000800035c                DMA1_Stream0_IRQHandler
                0x000000000800035c                CAN1_TX_IRQHandler
                0x000000000800035c                SVC_Handler
                0x000000000800035c                EXTI4_IRQHandler
                0x000000000800035c                OTG_HS_EP1_OUT_IRQHandler
                0x000000000800035c                WWDG_IRQHandler
                0x000000000800035c                TIM2_IRQHandler
                0x000000000800035c                OTG_FS_WKUP_IRQHandler
                0x000000000800035c                TIM1_TRG_COM_TIM11_IRQHandler
                0x000000000800035c                OTG_HS_IRQHandler
                0x000000000800035c                EXTI1_IRQHandler
                0x000000000800035c                USART2_IRQHandler
                0x000000000800035c                I2C2_ER_IRQHandler
                0x000000000800035c                DMA2_Stream1_IRQHandler
                0x000000000800035c                CAN1_SCE_IRQHandler
                0x000000000800035c                FLASH_IRQHandler
                0x000000000800035c                DMA2_Stream4_IRQHandler
                0x000000000800035c                BusFault_Handler
                0x000000000800035c                USART1_IRQHandler
                0x000000000800035c                OTG_FS_IRQHandler
                0x000000000800035c                SPI3_IRQHandler
                0x000000000800035c                DMA1_Stream4_IRQHandler
                0x000000000800035c                I2C1_ER_IRQHandler
                0x000000000800035c                FMC_IRQHandler
                0x000000000800035c                DMA2_Stream6_IRQHandler
                0x000000000800035c                SAI1_IRQHandler
                0x000000000800035c                RTC_Alarm_IRQHandler
 *fill*         0x000000000800035e        0x2 
 .text.GPIO_PeriClockControl
                0x0000000008000360      0x1a0 ./drivers/Src/stm32f446xx_gpio_driver.o
                0x0000000008000360                GPIO_PeriClockControl
 .text.GPIO_Init
                0x0000000008000500      0x2e8 ./drivers/Src/stm32f446xx_gpio_driver.o
                0x0000000008000500                GPIO_Init
 .text.I2C_GenerateStartCondition
                0x00000000080007e8       0x20 ./drivers/Src/stm32f446xx_i2c_driver.o
 .text.I2C_ExecuteAddressPhaseWrite
                0x0000000008000808       0x2c ./drivers/Src/stm32f446xx_i2c_driver.o
 .text.I2C_ClearADDRFlag
                0x0000000008000834       0x6e ./drivers/Src/stm32f446xx_i2c_driver.o
 .text.I2C_GenerateStopCondition
                0x00000000080008a2       0x20 ./drivers/Src/stm32f446xx_i2c_driver.o
                0x00000000080008a2                I2C_GenerateStopCondition
 .text.I2C_PeripheralControl
                0x00000000080008c2       0x38 ./drivers/Src/stm32f446xx_i2c_driver.o
                0x00000000080008c2                I2C_PeripheralControl
 *fill*         0x00000000080008fa        0x2 
 .text.RCC_GetPCLK1Value
                0x00000000080008fc       0xb0 ./drivers/Src/stm32f446xx_i2c_driver.o
                0x00000000080008fc                RCC_GetPCLK1Value
 .text.RCC_GetPLLOutputClock
                0x00000000080009ac       0x10 ./drivers/Src/stm32f446xx_i2c_driver.o
                0x00000000080009ac                RCC_GetPLLOutputClock
 .text.I2C_PeriClockControl
                0x00000000080009bc       0x70 ./drivers/Src/stm32f446xx_i2c_driver.o
                0x00000000080009bc                I2C_PeriClockControl
 .text.I2C_Init
                0x0000000008000a2c      0x164 ./drivers/Src/stm32f446xx_i2c_driver.o
                0x0000000008000a2c                I2C_Init
 .text.I2C_GetFlagStatus
                0x0000000008000b90       0x28 ./drivers/Src/stm32f446xx_i2c_driver.o
                0x0000000008000b90                I2C_GetFlagStatus
 .text.I2C_MasterSendData
                0x0000000008000bb8       0xc0 ./drivers/Src/stm32f446xx_i2c_driver.o
                0x0000000008000bb8                I2C_MasterSendData
 .text.I2C_ManageAcking
                0x0000000008000c78       0x38 ./drivers/Src/stm32f446xx_i2c_driver.o
                0x0000000008000c78                I2C_ManageAcking
 .text.__libc_init_array
                0x0000000008000cb0       0x48 /Applications/STM32CubeIDE.app/Contents/Eclipse/plugins/com.st.stm32cube.ide.mcu.externaltools.gnu-tools-for-stm32.10.3-2021.10.macos64_1.0.0.202111181127/tools/bin/../lib/gcc/arm-none-eabi/10.3.1/../../../../arm-none-eabi/lib/thumb/v7e-m+fp/hard/libc_nano.a(lib_a-init.o)
                0x0000000008000cb0                __libc_init_array
 *(.glue_7)
 .glue_7        0x0000000008000cf8        0x0 linker stubs
 *(.glue_7t)
 .glue_7t       0x0000000008000cf8        0x0 linker stubs
 *(.eh_frame)
 .eh_frame      0x0000000008000cf8        0x0 /Applications/STM32CubeIDE.app/Contents/Eclipse/plugins/com.st.stm32cube.ide.mcu.externaltools.gnu-tools-for-stm32.10.3-2021.10.macos64_1.0.0.202111181127/tools/bin/../lib/gcc/arm-none-eabi/10.3.1/thumb/v7e-m+fp/hard/crtbegin.o
 *(.init)
 .init          0x0000000008000cf8        0x4 /Applications/STM32CubeIDE.app/Contents/Eclipse/plugins/com.st.stm32cube.ide.mcu.externaltools.gnu-tools-for-stm32.10.3-2021.10.macos64_1.0.0.202111181127/tools/bin/../lib/gcc/arm-none-eabi/10.3.1/thumb/v7e-m+fp/hard/crti.o
                0x0000000008000cf8                _init
 .init          0x0000000008000cfc        0x8 /Applications/STM32CubeIDE.app/Contents/Eclipse/plugins/com.st.stm32cube.ide.mcu.externaltools.gnu-tools-for-stm32.10.3-2021.10.macos64_1.0.0.202111181127/tools/bin/../lib/gcc/arm-none-eabi/10.3.1/thumb/v7e-m+fp/hard/crtn.o
 *(.fini)
 .fini          0x0000000008000d04        0x4 /Applications/STM32CubeIDE.app/Contents/Eclipse/plugins/com.st.stm32cube.ide.mcu.externaltools.gnu-tools-for-stm32.10.3-2021.10.macos64_1.0.0.202111181127/tools/bin/../lib/gcc/arm-none-eabi/10.3.1/thumb/v7e-m+fp/hard/crti.o
                0x0000000008000d04                _fini
 .fini          0x0000000008000d08        0x8 /Applications/STM32CubeIDE.app/Contents/Eclipse/plugins/com.st.stm32cube.ide.mcu.externaltools.gnu-tools-for-stm32.10.3-2021.10.macos64_1.0.0.202111181127/tools/bin/../lib/gcc/arm-none-eabi/10.3.1/thumb/v7e-m+fp/hard/crtn.o
                0x0000000008000d10                . = ALIGN (0x4)
                0x0000000008000d10                _etext = .

.vfp11_veneer   0x0000000008000d10        0x0
 .vfp11_veneer  0x0000000008000d10        0x0 linker stubs

.v4_bx          0x0000000008000d10        0x0
 .v4_bx         0x0000000008000d10        0x0 linker stubs

.iplt           0x0000000008000d10        0x0
 .iplt          0x0000000008000d10        0x0 /Applications/STM32CubeIDE.app/Contents/Eclipse/plugins/com.st.stm32cube.ide.mcu.externaltools.gnu-tools-for-stm32.10.3-2021.10.macos64_1.0.0.202111181127/tools/bin/../lib/gcc/arm-none-eabi/10.3.1/thumb/v7e-m+fp/hard/crtbegin.o

.rel.dyn        0x0000000008000d10        0x0
 .rel.iplt      0x0000000008000d10        0x0 /Applications/STM32CubeIDE.app/Contents/Eclipse/plugins/com.st.stm32cube.ide.mcu.externaltools.gnu-tools-for-stm32.10.3-2021.10.macos64_1.0.0.202111181127/tools/bin/../lib/gcc/arm-none-eabi/10.3.1/thumb/v7e-m+fp/hard/crtbegin.o

.rodata         0x0000000008000d10        0x0
                0x0000000008000d10                . = ALIGN (0x4)
 *(.rodata)
 *(.rodata*)
                0x0000000008000d10                . = ALIGN (0x4)

.ARM.extab      0x0000000008000d10        0x0
                0x0000000008000d10                . = ALIGN (0x4)
 *(.ARM.extab* .gnu.linkonce.armextab.*)
                0x0000000008000d10                . = ALIGN (0x4)

.ARM            0x0000000008000d10        0x0
                0x0000000008000d10                . = ALIGN (0x4)
                0x0000000008000d10                __exidx_start = .
 *(.ARM.exidx*)
                0x0000000008000d10                __exidx_end = .
                0x0000000008000d10                . = ALIGN (0x4)

.preinit_array  0x0000000008000d10        0x0
                0x0000000008000d10                . = ALIGN (0x4)
                0x0000000008000d10                PROVIDE (__preinit_array_start = .)
 *(.preinit_array*)
                0x0000000008000d10                PROVIDE (__preinit_array_end = .)
                0x0000000008000d10                . = ALIGN (0x4)

.init_array     0x0000000008000d10        0x4
                0x0000000008000d10                . = ALIGN (0x4)
                0x0000000008000d10                PROVIDE (__init_array_start = .)
 *(SORT_BY_NAME(.init_array.*))
 *(.init_array*)
 .init_array    0x0000000008000d10        0x4 /Applications/STM32CubeIDE.app/Contents/Eclipse/plugins/com.st.stm32cube.ide.mcu.externaltools.gnu-tools-for-stm32.10.3-2021.10.macos64_1.0.0.202111181127/tools/bin/../lib/gcc/arm-none-eabi/10.3.1/thumb/v7e-m+fp/hard/crtbegin.o
                0x0000000008000d14                PROVIDE (__init_array_end = .)
                0x0000000008000d14                . = ALIGN (0x4)

.fini_array     0x0000000008000d14        0x4
                0x0000000008000d14                . = ALIGN (0x4)
                [!provide]                        PROVIDE (__fini_array_start = .)
 *(SORT_BY_NAME(.fini_array.*))
 *(.fini_array*)
 .fini_array    0x0000000008000d14        0x4 /Applications/STM32CubeIDE.app/Contents/Eclipse/plugins/com.st.stm32cube.ide.mcu.externaltools.gnu-tools-for-stm32.10.3-2021.10.macos64_1.0.0.202111181127/tools/bin/../lib/gcc/arm-none-eabi/10.3.1/thumb/v7e-m+fp/hard/crtbegin.o
                [!provide]                        PROVIDE (__fini_array_end = .)
                0x0000000008000d18                . = ALIGN (0x4)
                0x0000000008000d18                _sidata = LOADADDR (.data)

.data           0x0000000020000000       0x34 load address 0x0000000008000d18
                0x0000000020000000                . = ALIGN (0x4)
                0x0000000020000000                _sdata = .
 *(.data)
 *(.data*)
 .data.some_data
                0x0000000020000000       0x1e ./Src/010i2c_master_tx_testing.o
                0x0000000020000000                some_data
 *fill*         0x000000002000001e        0x2 
 .data.AHB_PreScaler
                0x0000000020000020       0x10 ./drivers/Src/stm32f446xx_i2c_driver.o
                0x0000000020000020                AHB_PreScaler
 .data.APB1_PreScaler
                0x0000000020000030        0x4 ./drivers/Src/stm32f446xx_i2c_driver.o
                0x0000000020000030                APB1_PreScaler
 *(.RamFunc)
 *(.RamFunc*)
                0x0000000020000034                . = ALIGN (0x4)
                0x0000000020000034                _edata = .

.igot.plt       0x0000000020000034        0x0 load address 0x0000000008000d4c
 .igot.plt      0x0000000020000034        0x0 /Applications/STM32CubeIDE.app/Contents/Eclipse/plugins/com.st.stm32cube.ide.mcu.externaltools.gnu-tools-for-stm32.10.3-2021.10.macos64_1.0.0.202111181127/tools/bin/../lib/gcc/arm-none-eabi/10.3.1/thumb/v7e-m+fp/hard/crtbegin.o
                0x0000000020000034                . = ALIGN (0x4)

.bss            0x0000000020000034       0x44 load address 0x0000000008000d4c
                0x0000000020000034                _sbss = .
                0x0000000020000034                __bss_start__ = _sbss
 *(.bss)
 .bss           0x0000000020000034       0x1c /Applications/STM32CubeIDE.app/Contents/Eclipse/plugins/com.st.stm32cube.ide.mcu.externaltools.gnu-tools-for-stm32.10.3-2021.10.macos64_1.0.0.202111181127/tools/bin/../lib/gcc/arm-none-eabi/10.3.1/thumb/v7e-m+fp/hard/crtbegin.o
 *(.bss*)
 .bss.I2C1Handle
                0x0000000020000050       0x28 ./Src/010i2c_master_tx_testing.o
                0x0000000020000050                I2C1Handle
 *(COMMON)
                0x0000000020000078                . = ALIGN (0x4)
                0x0000000020000078                _ebss = .
                0x0000000020000078                __bss_end__ = _ebss

._user_heap_stack
                0x0000000020000078      0x600 load address 0x0000000008000d4c
                0x0000000020000078                . = ALIGN (0x8)
                [!provide]                        PROVIDE (end = .)
                0x0000000020000078                PROVIDE (_end = .)
                0x0000000020000278                . = (. + _Min_Heap_Size)
 *fill*         0x0000000020000078      0x200 
                0x0000000020000678                . = (. + _Min_Stack_Size)
 *fill*         0x0000000020000278      0x400 
                0x0000000020000678                . = ALIGN (0x8)

/DISCARD/
 libc.a(*)
 libm.a(*)
 libgcc.a(*)

.ARM.attributes
                0x0000000000000000       0x30
 *(.ARM.attributes)
 .ARM.attributes
                0x0000000000000000       0x1e /Applications/STM32CubeIDE.app/Contents/Eclipse/plugins/com.st.stm32cube.ide.mcu.externaltools.gnu-tools-for-stm32.10.3-2021.10.macos64_1.0.0.202111181127/tools/bin/../lib/gcc/arm-none-eabi/10.3.1/thumb/v7e-m+fp/hard/crti.o
 .ARM.attributes
                0x000000000000001e       0x34 /Applications/STM32CubeIDE.app/Contents/Eclipse/plugins/com.st.stm32cube.ide.mcu.externaltools.gnu-tools-for-stm32.10.3-2021.10.macos64_1.0.0.202111181127/tools/bin/../lib/gcc/arm-none-eabi/10.3.1/thumb/v7e-m+fp/hard/crtbegin.o
 .ARM.attributes
                0x0000000000000052       0x34 ./Src/010i2c_master_tx_testing.o
 .ARM.attributes
                0x0000000000000086       0x21 ./Startup/startup_stm32f446retx.o
 .ARM.attributes
                0x00000000000000a7       0x34 ./drivers/Src/stm32f446xx_gpio_driver.o
 .ARM.attributes
                0x00000000000000db       0x34 ./drivers/Src/stm32f446xx_i2c_driver.o
 .ARM.attributes
                0x000000000000010f       0x34 /Applications/STM32CubeIDE.app/Contents/Eclipse/plugins/com.st.stm32cube.ide.mcu.externaltools.gnu-tools-for-stm32.10.3-2021.10.macos64_1.0.0.202111181127/tools/bin/../lib/gcc/arm-none-eabi/10.3.1/../../../../arm-none-eabi/lib/thumb/v7e-m+fp/hard/libc_nano.a(lib_a-init.o)
 .ARM.attributes
                0x0000000000000143       0x17 /Applications/STM32CubeIDE.app/Contents/Eclipse/plugins/com.st.stm32cube.ide.mcu.externaltools.gnu-tools-for-stm32.10.3-2021.10.macos64_1.0.0.202111181127/tools/bin/../lib/gcc/arm-none-eabi/10.3.1/../../../../arm-none-eabi/lib/thumb/v7e-m+fp/hard/libc_nano.a(lib_a-strlen.o)
 .ARM.attributes
                0x000000000000015a       0x1e /Applications/STM32CubeIDE.app/Contents/Eclipse/plugins/com.st.stm32cube.ide.mcu.externaltools.gnu-tools-for-stm32.10.3-2021.10.macos64_1.0.0.202111181127/tools/bin/../lib/gcc/arm-none-eabi/10.3.1/thumb/v7e-m+fp/hard/crtn.o
OUTPUT(stm32f4xx_drivers.elf elf32-littlearm)
LOAD linker stubs
LOAD /Applications/STM32CubeIDE.app/Contents/Eclipse/plugins/com.st.stm32cube.ide.mcu.externaltools.gnu-tools-for-stm32.10.3-2021.10.macos64_1.0.0.202111181127/tools/bin/../lib/gcc/arm-none-eabi/10.3.1/../../../../arm-none-eabi/lib/thumb/v7e-m+fp/hard/libc.a
LOAD /Applications/STM32CubeIDE.app/Contents/Eclipse/plugins/com.st.stm32cube.ide.mcu.externaltools.gnu-tools-for-stm32.10.3-2021.10.macos64_1.0.0.202111181127/tools/bin/../lib/gcc/arm-none-eabi/10.3.1/../../../../arm-none-eabi/lib/thumb/v7e-m+fp/hard/libm.a
LOAD /Applications/STM32CubeIDE.app/Contents/Eclipse/plugins/com.st.stm32cube.ide.mcu.externaltools.gnu-tools-for-stm32.10.3-2021.10.macos64_1.0.0.202111181127/tools/bin/../lib/gcc/arm-none-eabi/10.3.1/thumb/v7e-m+fp/hard/libgcc.a

.debug_info     0x0000000000000000     0x153d
 .debug_info    0x0000000000000000      0x518 ./Src/010i2c_master_tx_testing.o
 .debug_info    0x0000000000000518       0x22 ./Startup/startup_stm32f446retx.o
 .debug_info    0x000000000000053a      0x7ad ./drivers/Src/stm32f446xx_gpio_driver.o
 .debug_info    0x0000000000000ce7      0x856 ./drivers/Src/stm32f446xx_i2c_driver.o

.debug_abbrev   0x0000000000000000      0x5db
 .debug_abbrev  0x0000000000000000      0x1b3 ./Src/010i2c_master_tx_testing.o
 .debug_abbrev  0x00000000000001b3       0x12 ./Startup/startup_stm32f446retx.o
 .debug_abbrev  0x00000000000001c5      0x193 ./drivers/Src/stm32f446xx_gpio_driver.o
 .debug_abbrev  0x0000000000000358      0x283 ./drivers/Src/stm32f446xx_i2c_driver.o

.debug_aranges  0x0000000000000000      0x168
 .debug_aranges
                0x0000000000000000       0x40 ./Src/010i2c_master_tx_testing.o
 .debug_aranges
                0x0000000000000040       0x28 ./Startup/startup_stm32f446retx.o
 .debug_aranges
                0x0000000000000068       0x70 ./drivers/Src/stm32f446xx_gpio_driver.o
 .debug_aranges
                0x00000000000000d8       0x90 ./drivers/Src/stm32f446xx_i2c_driver.o

.debug_ranges   0x0000000000000000      0x130
 .debug_ranges  0x0000000000000000       0x30 ./Src/010i2c_master_tx_testing.o
 .debug_ranges  0x0000000000000030       0x20 ./Startup/startup_stm32f446retx.o
 .debug_ranges  0x0000000000000050       0x60 ./drivers/Src/stm32f446xx_gpio_driver.o
 .debug_ranges  0x00000000000000b0       0x80 ./drivers/Src/stm32f446xx_i2c_driver.o

.debug_macro    0x0000000000000000     0x28be
 .debug_macro   0x0000000000000000      0x234 ./Src/010i2c_master_tx_testing.o
 .debug_macro   0x0000000000000234      0xa84 ./Src/010i2c_master_tx_testing.o
 .debug_macro   0x0000000000000cb8       0x22 ./Src/010i2c_master_tx_testing.o
 .debug_macro   0x0000000000000cda       0x4c ./Src/010i2c_master_tx_testing.o
 .debug_macro   0x0000000000000d26       0x1e ./Src/010i2c_master_tx_testing.o
 .debug_macro   0x0000000000000d44       0x94 ./Src/010i2c_master_tx_testing.o
 .debug_macro   0x0000000000000dd8       0x3c ./Src/010i2c_master_tx_testing.o
 .debug_macro   0x0000000000000e14       0x34 ./Src/010i2c_master_tx_testing.o
 .debug_macro   0x0000000000000e48       0x16 ./Src/010i2c_master_tx_testing.o
 .debug_macro   0x0000000000000e5e       0x57 ./Src/010i2c_master_tx_testing.o
 .debug_macro   0x0000000000000eb5       0x97 ./Src/010i2c_master_tx_testing.o
 .debug_macro   0x0000000000000f4c      0x341 ./Src/010i2c_master_tx_testing.o
 .debug_macro   0x000000000000128d       0xfd ./Src/010i2c_master_tx_testing.o
 .debug_macro   0x000000000000138a       0x10 ./Src/010i2c_master_tx_testing.o
 .debug_macro   0x000000000000139a       0x16 ./Src/010i2c_master_tx_testing.o
 .debug_macro   0x00000000000013b0       0x43 ./Src/010i2c_master_tx_testing.o
 .debug_macro   0x00000000000013f3       0x34 ./Src/010i2c_master_tx_testing.o
 .debug_macro   0x0000000000001427       0x10 ./Src/010i2c_master_tx_testing.o
 .debug_macro   0x0000000000001437       0x58 ./Src/010i2c_master_tx_testing.o
 .debug_macro   0x000000000000148f       0x71 ./Src/010i2c_master_tx_testing.o
 .debug_macro   0x0000000000001500       0x1c ./Src/010i2c_master_tx_testing.o
 .debug_macro   0x000000000000151c      0x12a ./Src/010i2c_master_tx_testing.o
 .debug_macro   0x0000000000001646       0x10 ./Src/010i2c_master_tx_testing.o
 .debug_macro   0x0000000000001656       0x6a ./Src/010i2c_master_tx_testing.o
 .debug_macro   0x00000000000016c0       0x1c ./Src/010i2c_master_tx_testing.o
 .debug_macro   0x00000000000016dc       0x52 ./Src/010i2c_master_tx_testing.o
 .debug_macro   0x000000000000172e       0x22 ./Src/010i2c_master_tx_testing.o
 .debug_macro   0x0000000000001750       0x10 ./Src/010i2c_master_tx_testing.o
 .debug_macro   0x0000000000001760       0x52 ./Src/010i2c_master_tx_testing.o
 .debug_macro   0x00000000000017b2       0xd5 ./Src/010i2c_master_tx_testing.o
 .debug_macro   0x0000000000001887       0x1c ./Src/010i2c_master_tx_testing.o
 .debug_macro   0x00000000000018a3       0x3d ./Src/010i2c_master_tx_testing.o
 .debug_macro   0x00000000000018e0       0x16 ./Src/010i2c_master_tx_testing.o
 .debug_macro   0x00000000000018f6      0x145 ./Src/010i2c_master_tx_testing.o
 .debug_macro   0x0000000000001a3b       0x16 ./Src/010i2c_master_tx_testing.o
 .debug_macro   0x0000000000001a51       0x35 ./Src/010i2c_master_tx_testing.o
 .debug_macro   0x0000000000001a86       0x20 ./Src/010i2c_master_tx_testing.o
 .debug_macro   0x0000000000001aa6      0x103 ./Src/010i2c_master_tx_testing.o
 .debug_macro   0x0000000000001ba9      0x1df ./Src/010i2c_master_tx_testing.o
 .debug_macro   0x0000000000001d88      0x65f ./Src/010i2c_master_tx_testing.o
 .debug_macro   0x00000000000023e7       0xca ./Src/010i2c_master_tx_testing.o
 .debug_macro   0x00000000000024b1       0xbe ./Src/010i2c_master_tx_testing.o
 .debug_macro   0x000000000000256f       0x9a ./Src/010i2c_master_tx_testing.o
 .debug_macro   0x0000000000002609       0x9e ./drivers/Src/stm32f446xx_gpio_driver.o
 .debug_macro   0x00000000000026a7       0x8e ./drivers/Src/stm32f446xx_gpio_driver.o
 .debug_macro   0x0000000000002735       0x51 ./drivers/Src/stm32f446xx_gpio_driver.o
 .debug_macro   0x0000000000002786       0xa4 ./drivers/Src/stm32f446xx_i2c_driver.o
 .debug_macro   0x000000000000282a       0x94 ./drivers/Src/stm32f446xx_i2c_driver.o

.debug_line     0x0000000000000000     0x1a0e
 .debug_line    0x0000000000000000      0x738 ./Src/010i2c_master_tx_testing.o
 .debug_line    0x0000000000000738       0x84 ./Startup/startup_stm32f446retx.o
 .debug_line    0x00000000000007bc      0x99e ./drivers/Src/stm32f446xx_gpio_driver.o
 .debug_line    0x000000000000115a      0x8b4 ./drivers/Src/stm32f446xx_i2c_driver.o

.debug_str      0x0000000000000000     0xa8b5
 .debug_str     0x0000000000000000     0xa3ed ./Src/010i2c_master_tx_testing.o
                                       0xa603 (size before relaxing)
 .debug_str     0x000000000000a3ed       0x31 ./Startup/startup_stm32f446retx.o
                                         0x6c (size before relaxing)
 .debug_str     0x000000000000a41e      0x2cd ./drivers/Src/stm32f446xx_gpio_driver.o
                                       0x662c (size before relaxing)
 .debug_str     0x000000000000a6eb      0x1ca ./drivers/Src/stm32f446xx_i2c_driver.o
                                       0x666e (size before relaxing)

.comment        0x0000000000000000       0x50
 .comment       0x0000000000000000       0x50 ./Src/010i2c_master_tx_testing.o
                                         0x51 (size before relaxing)
 .comment       0x0000000000000050       0x51 ./drivers/Src/stm32f446xx_gpio_driver.o
 .comment       0x0000000000000050       0x51 ./drivers/Src/stm32f446xx_i2c_driver.o

.debug_frame    0x0000000000000000      0x500
 .debug_frame   0x0000000000000000       0xc0 ./Src/010i2c_master_tx_testing.o
 .debug_frame   0x00000000000000c0      0x1c8 ./drivers/Src/stm32f446xx_gpio_driver.o
 .debug_frame   0x0000000000000288      0x24c ./drivers/Src/stm32f446xx_i2c_driver.o
 .debug_frame   0x00000000000004d4       0x2c /Applications/STM32CubeIDE.app/Contents/Eclipse/plugins/com.st.stm32cube.ide.mcu.externaltools.gnu-tools-for-stm32.10.3-2021.10.macos64_1.0.0.202111181127/tools/bin/../lib/gcc/arm-none-eabi/10.3.1/../../../../arm-none-eabi/lib/thumb/v7e-m+fp/hard/libc_nano.a(lib_a-init.o)
