Archive member included to satisfy reference by file (symbol)

/Applications/STM32CubeIDE.app/Contents/Eclipse/plugins/com.st.stm32cube.ide.mcu.externaltools.gnu-tools-for-stm32.10.3-2021.10.macos64_1.0.0.202111181127/tools/bin/../lib/gcc/arm-none-eabi/10.3.1/../../../../arm-none-eabi/lib/thumb/v7e-m+fp/hard/libc_nano.a(lib_a-errno.o)
                              ./Core/Src/syscalls.o (__errno)
/Applications/STM32CubeIDE.app/Contents/Eclipse/plugins/com.st.stm32cube.ide.mcu.externaltools.gnu-tools-for-stm32.10.3-2021.10.macos64_1.0.0.202111181127/tools/bin/../lib/gcc/arm-none-eabi/10.3.1/../../../../arm-none-eabi/lib/thumb/v7e-m+fp/hard/libc_nano.a(lib_a-exit.o)
                              /Applications/STM32CubeIDE.app/Contents/Eclipse/plugins/com.st.stm32cube.ide.mcu.externaltools.gnu-tools-for-stm32.10.3-2021.10.macos64_1.0.0.202111181127/tools/bin/../lib/gcc/arm-none-eabi/10.3.1/../../../../arm-none-eabi/lib/thumb/v7e-m+fp/hard/crt0.o (exit)
/Applications/STM32CubeIDE.app/Contents/Eclipse/plugins/com.st.stm32cube.ide.mcu.externaltools.gnu-tools-for-stm32.10.3-2021.10.macos64_1.0.0.202111181127/tools/bin/../lib/gcc/arm-none-eabi/10.3.1/../../../../arm-none-eabi/lib/thumb/v7e-m+fp/hard/libc_nano.a(lib_a-impure.o)
                              /Applications/STM32CubeIDE.app/Contents/Eclipse/plugins/com.st.stm32cube.ide.mcu.externaltools.gnu-tools-for-stm32.10.3-2021.10.macos64_1.0.0.202111181127/tools/bin/../lib/gcc/arm-none-eabi/10.3.1/../../../../arm-none-eabi/lib/thumb/v7e-m+fp/hard/libc_nano.a(lib_a-exit.o) (_global_impure_ptr)
/Applications/STM32CubeIDE.app/Contents/Eclipse/plugins/com.st.stm32cube.ide.mcu.externaltools.gnu-tools-for-stm32.10.3-2021.10.macos64_1.0.0.202111181127/tools/bin/../lib/gcc/arm-none-eabi/10.3.1/../../../../arm-none-eabi/lib/thumb/v7e-m+fp/hard/libc_nano.a(lib_a-init.o)
                              /Applications/STM32CubeIDE.app/Contents/Eclipse/plugins/com.st.stm32cube.ide.mcu.externaltools.gnu-tools-for-stm32.10.3-2021.10.macos64_1.0.0.202111181127/tools/bin/../lib/gcc/arm-none-eabi/10.3.1/../../../../arm-none-eabi/lib/thumb/v7e-m+fp/hard/crt0.o (__libc_init_array)
/Applications/STM32CubeIDE.app/Contents/Eclipse/plugins/com.st.stm32cube.ide.mcu.externaltools.gnu-tools-for-stm32.10.3-2021.10.macos64_1.0.0.202111181127/tools/bin/../lib/gcc/arm-none-eabi/10.3.1/../../../../arm-none-eabi/lib/thumb/v7e-m+fp/hard/libc_nano.a(lib_a-memset.o)
                              /Applications/STM32CubeIDE.app/Contents/Eclipse/plugins/com.st.stm32cube.ide.mcu.externaltools.gnu-tools-for-stm32.10.3-2021.10.macos64_1.0.0.202111181127/tools/bin/../lib/gcc/arm-none-eabi/10.3.1/../../../../arm-none-eabi/lib/thumb/v7e-m+fp/hard/crt0.o (memset)
/Applications/STM32CubeIDE.app/Contents/Eclipse/plugins/com.st.stm32cube.ide.mcu.externaltools.gnu-tools-for-stm32.10.3-2021.10.macos64_1.0.0.202111181127/tools/bin/../lib/gcc/arm-none-eabi/10.3.1/thumb/v7e-m+fp/hard/libgcc.a(_aeabi_uldivmod.o)
                              ./Drivers/STM32F4xx_HAL_Driver/Src/stm32f4xx_hal_rcc.o (__aeabi_uldivmod)
/Applications/STM32CubeIDE.app/Contents/Eclipse/plugins/com.st.stm32cube.ide.mcu.externaltools.gnu-tools-for-stm32.10.3-2021.10.macos64_1.0.0.202111181127/tools/bin/../lib/gcc/arm-none-eabi/10.3.1/thumb/v7e-m+fp/hard/libgcc.a(_udivmoddi4.o)
                              /Applications/STM32CubeIDE.app/Contents/Eclipse/plugins/com.st.stm32cube.ide.mcu.externaltools.gnu-tools-for-stm32.10.3-2021.10.macos64_1.0.0.202111181127/tools/bin/../lib/gcc/arm-none-eabi/10.3.1/thumb/v7e-m+fp/hard/libgcc.a(_aeabi_uldivmod.o) (__udivmoddi4)
/Applications/STM32CubeIDE.app/Contents/Eclipse/plugins/com.st.stm32cube.ide.mcu.externaltools.gnu-tools-for-stm32.10.3-2021.10.macos64_1.0.0.202111181127/tools/bin/../lib/gcc/arm-none-eabi/10.3.1/thumb/v7e-m+fp/hard/libgcc.a(_dvmd_tls.o)
                              /Applications/STM32CubeIDE.app/Contents/Eclipse/plugins/com.st.stm32cube.ide.mcu.externaltools.gnu-tools-for-stm32.10.3-2021.10.macos64_1.0.0.202111181127/tools/bin/../lib/gcc/arm-none-eabi/10.3.1/thumb/v7e-m+fp/hard/libgcc.a(_aeabi_uldivmod.o) (__aeabi_ldiv0)

Discarded input sections

 .text          0x0000000000000000        0x0 /Applications/STM32CubeIDE.app/Contents/Eclipse/plugins/com.st.stm32cube.ide.mcu.externaltools.gnu-tools-for-stm32.10.3-2021.10.macos64_1.0.0.202111181127/tools/bin/../lib/gcc/arm-none-eabi/10.3.1/thumb/v7e-m+fp/hard/crti.o
 .data          0x0000000000000000        0x0 /Applications/STM32CubeIDE.app/Contents/Eclipse/plugins/com.st.stm32cube.ide.mcu.externaltools.gnu-tools-for-stm32.10.3-2021.10.macos64_1.0.0.202111181127/tools/bin/../lib/gcc/arm-none-eabi/10.3.1/thumb/v7e-m+fp/hard/crti.o
 .bss           0x0000000000000000        0x0 /Applications/STM32CubeIDE.app/Contents/Eclipse/plugins/com.st.stm32cube.ide.mcu.externaltools.gnu-tools-for-stm32.10.3-2021.10.macos64_1.0.0.202111181127/tools/bin/../lib/gcc/arm-none-eabi/10.3.1/thumb/v7e-m+fp/hard/crti.o
[...]
Memory Configuration

Name             Origin             Length             Attributes
RAM              0x0000000020000000 0x0000000000020000 xrw
FLASH            0x0000000008000000 0x0000000000080000 xr
*default*        0x0000000000000000 0xffffffffffffffff

Linker script and memory map

LOAD /Applications/STM32CubeIDE.app/Contents/Eclipse/plugins/com.st.stm32cube.ide.mcu.externaltools.gnu-tools-for-stm32.10.3-2021.10.macos64_1.0.0.202111181127/tools/bin/../lib/gcc/arm-none-eabi/10.3.1/thumb/v7e-m+fp/hard/crti.o
LOAD /Applications/STM32CubeIDE.app/Contents/Eclipse/plugins/com.st.stm32cube.ide.mcu.externaltools.gnu-tools-for-stm32.10.3-2021.10.macos64_1.0.0.202111181127/tools/bin/../lib/gcc/arm-none-eabi/10.3.1/thumb/v7e-m+fp/hard/crtbegin.o
LOAD /Applications/STM32CubeIDE.app/Contents/Eclipse/plugins/com.st.stm32cube.ide.mcu.externaltools.gnu-tools-for-stm32.10.3-2021.10.macos64_1.0.0.202111181127/tools/bin/../lib/gcc/arm-none-eabi/10.3.1/../../../../arm-none-eabi/lib/thumb/v7e-m+fp/hard/crt0.o
LOAD ./Core/Src/it.o
LOAD ./Core/Src/main.o
LOAD ./Core/Src/msp.o
LOAD ./Core/Src/syscalls.o
LOAD ./Core/Src/sysmem.o
LOAD ./Core/Src/system_stm32f4xx.o
LOAD ./Core/Startup/startup_stm32f446retx.o
LOAD ./Drivers/STM32F4xx_HAL_Driver/Src/stm32f4xx_hal.o
LOAD ./Drivers/STM32F4xx_HAL_Driver/Src/stm32f4xx_hal_cortex.o
LOAD ./Drivers/STM32F4xx_HAL_Driver/Src/stm32f4xx_hal_dma.o
LOAD ./Drivers/STM32F4xx_HAL_Driver/Src/stm32f4xx_hal_dma_ex.o
LOAD ./Drivers/STM32F4xx_HAL_Driver/Src/stm32f4xx_hal_exti.o
LOAD ./Drivers/STM32F4xx_HAL_Driver/Src/stm32f4xx_hal_flash.o
LOAD ./Drivers/STM32F4xx_HAL_Driver/Src/stm32f4xx_hal_flash_ex.o
LOAD ./Drivers/STM32F4xx_HAL_Driver/Src/stm32f4xx_hal_flash_ramfunc.o
LOAD ./Drivers/STM32F4xx_HAL_Driver/Src/stm32f4xx_hal_gpio.o
LOAD ./Drivers/STM32F4xx_HAL_Driver/Src/stm32f4xx_hal_pwr.o
LOAD ./Drivers/STM32F4xx_HAL_Driver/Src/stm32f4xx_hal_pwr_ex.o
LOAD ./Drivers/STM32F4xx_HAL_Driver/Src/stm32f4xx_hal_rcc.o
LOAD ./Drivers/STM32F4xx_HAL_Driver/Src/stm32f4xx_hal_rcc_ex.o
LOAD ./Drivers/STM32F4xx_HAL_Driver/Src/stm32f4xx_hal_tim.o
LOAD ./Drivers/STM32F4xx_HAL_Driver/Src/stm32f4xx_hal_tim_ex.o
LOAD ./Drivers/STM32F4xx_HAL_Driver/Src/stm32f4xx_hal_uart.o
START GROUP
LOAD /Applications/STM32CubeIDE.app/Contents/Eclipse/plugins/com.st.stm32cube.ide.mcu.externaltools.gnu-tools-for-stm32.10.3-2021.10.macos64_1.0.0.202111181127/tools/bin/../lib/gcc/arm-none-eabi/10.3.1/../../../../arm-none-eabi/lib/thumb/v7e-m+fp/hard/libc_nano.a
LOAD /Applications/STM32CubeIDE.app/Contents/Eclipse/plugins/com.st.stm32cube.ide.mcu.externaltools.gnu-tools-for-stm32.10.3-2021.10.macos64_1.0.0.202111181127/tools/bin/../lib/gcc/arm-none-eabi/10.3.1/../../../../arm-none-eabi/lib/thumb/v7e-m+fp/hard/libm.a
END GROUP
START GROUP
LOAD /Applications/STM32CubeIDE.app/Contents/Eclipse/plugins/com.st.stm32cube.ide.mcu.externaltools.gnu-tools-for-stm32.10.3-2021.10.macos64_1.0.0.202111181127/tools/bin/../lib/gcc/arm-none-eabi/10.3.1/thumb/v7e-m+fp/hard/libgcc.a
LOAD /Applications/STM32CubeIDE.app/Contents/Eclipse/plugins/com.st.stm32cube.ide.mcu.externaltools.gnu-tools-for-stm32.10.3-2021.10.macos64_1.0.0.202111181127/tools/bin/../lib/gcc/arm-none-eabi/10.3.1/../../../../arm-none-eabi/lib/thumb/v7e-m+fp/hard/libc_nano.a
END GROUP
START GROUP
LOAD /Applications/STM32CubeIDE.app/Contents/Eclipse/plugins/com.st.stm32cube.ide.mcu.externaltools.gnu-tools-for-stm32.10.3-2021.10.macos64_1.0.0.202111181127/tools/bin/../lib/gcc/arm-none-eabi/10.3.1/thumb/v7e-m+fp/hard/libgcc.a
LOAD /Applications/STM32CubeIDE.app/Contents/Eclipse/plugins/com.st.stm32cube.ide.mcu.externaltools.gnu-tools-for-stm32.10.3-2021.10.macos64_1.0.0.202111181127/tools/bin/../lib/gcc/arm-none-eabi/10.3.1/../../../../arm-none-eabi/lib/thumb/v7e-m+fp/hard/libc_nano.a
LOAD /Applications/STM32CubeIDE.app/Contents/Eclipse/plugins/com.st.stm32cube.ide.mcu.externaltools.gnu-tools-for-stm32.10.3-2021.10.macos64_1.0.0.202111181127/tools/bin/../lib/gcc/arm-none-eabi/10.3.1/../../../../arm-none-eabi/lib/thumb/v7e-m+fp/hard/libnosys.a
END GROUP
START GROUP
LOAD /Applications/STM32CubeIDE.app/Contents/Eclipse/plugins/com.st.stm32cube.ide.mcu.externaltools.gnu-tools-for-stm32.10.3-2021.10.macos64_1.0.0.202111181127/tools/bin/../lib/gcc/arm-none-eabi/10.3.1/thumb/v7e-m+fp/hard/libgcc.a
LOAD /Applications/STM32CubeIDE.app/Contents/Eclipse/plugins/com.st.stm32cube.ide.mcu.externaltools.gnu-tools-for-stm32.10.3-2021.10.macos64_1.0.0.202111181127/tools/bin/../lib/gcc/arm-none-eabi/10.3.1/../../../../arm-none-eabi/lib/thumb/v7e-m+fp/hard/libc_nano.a
LOAD /Applications/STM32CubeIDE.app/Contents/Eclipse/plugins/com.st.stm32cube.ide.mcu.externaltools.gnu-tools-for-stm32.10.3-2021.10.macos64_1.0.0.202111181127/tools/bin/../lib/gcc/arm-none-eabi/10.3.1/../../../../arm-none-eabi/lib/thumb/v7e-m+fp/hard/libnosys.a
END GROUP
LOAD /Applications/STM32CubeIDE.app/Contents/Eclipse/plugins/com.st.stm32cube.ide.mcu.externaltools.gnu-tools-for-stm32.10.3-2021.10.macos64_1.0.0.202111181127/tools/bin/../lib/gcc/arm-none-eabi/10.3.1/thumb/v7e-m+fp/hard/crtend.o
LOAD /Applications/STM32CubeIDE.app/Contents/Eclipse/plugins/com.st.stm32cube.ide.mcu.externaltools.gnu-tools-for-stm32.10.3-2021.10.macos64_1.0.0.202111181127/tools/bin/../lib/gcc/arm-none-eabi/10.3.1/thumb/v7e-m+fp/hard/crtn.o
                0x0000000020020000                _estack = (ORIGIN (RAM) + LENGTH (RAM))
                0x0000000000000200                _Min_Heap_Size = 0x200
                0x0000000000000400                _Min_Stack_Size = 0x400

.isr_vector     0x0000000008000000      0x1c4
                0x0000000008000000                . = ALIGN (0x4)
 *(.isr_vector)
 .isr_vector    0x0000000008000000      0x1c4 ./Core/Startup/startup_stm32f446retx.o
                0x0000000008000000                g_pfnVectors
                0x00000000080001c4                . = ALIGN (0x4)

.text           0x00000000080001c4      0xc24
                0x00000000080001c4                . = ALIGN (0x4)
 *(.text)
 .text          0x00000000080001c4       0x40 /Applications/STM32CubeIDE.app/Contents/Eclipse/plugins/com.st.stm32cube.ide.mcu.externaltools.gnu-tools-for-stm32.10.3-2021.10.macos64_1.0.0.202111181127/tools/bin/../lib/gcc/arm-none-eabi/10.3.1/thumb/v7e-m+fp/hard/crtbegin.o
 *(.text*)
 .text.SysTick_Handler
                0x0000000008000204       0x10 ./Core/Src/it.o
                0x0000000008000204                SysTick_Handler
 .text.main     0x0000000008000214       0xa8 ./Core/Src/main.o
                0x0000000008000214                main
 .text.SystemClock_Config
                0x00000000080002bc        0xe ./Core/Src/main.o
                0x00000000080002bc                SystemClock_Config
 *fill*         0x00000000080002ca        0x2 
 .text.GPIO_Init
                0x00000000080002cc       0x48 ./Core/Src/main.o
                0x00000000080002cc                GPIO_Init
 .text.TIMER6_Init
                0x0000000008000314       0x34 ./Core/Src/main.o
                0x0000000008000314                TIMER6_Init
 .text.Error_handler
                0x0000000008000348        0x6 ./Core/Src/main.o
                0x0000000008000348                Error_handler
 *fill*         0x000000000800034e        0x2 
 .text.HAL_MspInit
                0x0000000008000350       0x44 ./Core/Src/msp.o
                0x0000000008000350                HAL_MspInit
 .text.HAL_TIM_Base_MspInit
                0x0000000008000394       0x40 ./Core/Src/msp.o
                0x0000000008000394                HAL_TIM_Base_MspInit
 .text.SystemInit
                0x00000000080003d4       0x24 ./Core/Src/system_stm32f4xx.o
                0x00000000080003d4                SystemInit
 .text.Reset_Handler
                0x00000000080003f8       0x50 ./Core/Startup/startup_stm32f446retx.o
                0x00000000080003f8                Reset_Handler
 .text.Default_Handler
                0x0000000008000448        0x2 ./Core/Startup/startup_stm32f446retx.o
                0x0000000008000448                DMA1_Stream3_IRQHandler
                0x0000000008000448                EXTI2_IRQHandler
                0x0000000008000448                TIM8_CC_IRQHandler
                0x0000000008000448                DebugMon_Handler
                0x0000000008000448                FMPI2C1_EV_IRQHandler
                0x0000000008000448                SPI4_IRQHandler
                0x0000000008000448                TIM1_CC_IRQHandler
                0x0000000008000448                DMA2_Stream5_IRQHandler
                0x0000000008000448                HardFault_Handler
                0x0000000008000448                DMA1_Stream5_IRQHandler
                0x0000000008000448                PVD_IRQHandler
                0x0000000008000448                SDIO_IRQHandler
                0x0000000008000448                TAMP_STAMP_IRQHandler
                0x0000000008000448                PendSV_Handler
                0x0000000008000448                NMI_Handler
                0x0000000008000448                CAN2_RX1_IRQHandler
                0x0000000008000448                EXTI3_IRQHandler
                0x0000000008000448                TIM8_TRG_COM_TIM14_IRQHandler
                0x0000000008000448                TIM1_UP_TIM10_IRQHandler
                0x0000000008000448                TIM8_UP_TIM13_IRQHandler
                0x0000000008000448                I2C3_ER_IRQHandler
                0x0000000008000448                EXTI0_IRQHandler
                0x0000000008000448                I2C2_EV_IRQHandler
                0x0000000008000448                DMA1_Stream2_IRQHandler
                0x0000000008000448                CAN1_RX0_IRQHandler
                0x0000000008000448                FPU_IRQHandler
                0x0000000008000448                OTG_HS_WKUP_IRQHandler
                0x0000000008000448                UsageFault_Handler
                0x0000000008000448                CAN2_SCE_IRQHandler
                0x0000000008000448                DMA2_Stream2_IRQHandler
                0x0000000008000448                SPI1_IRQHandler
                0x0000000008000448                TIM6_DAC_IRQHandler
                0x0000000008000448                TIM1_BRK_TIM9_IRQHandler
                0x0000000008000448                DCMI_IRQHandler
                0x0000000008000448                CAN2_RX0_IRQHandler
                0x0000000008000448                DMA2_Stream3_IRQHandler
                0x0000000008000448                SAI2_IRQHandler
                0x0000000008000448                USART6_IRQHandler
                0x0000000008000448                USART3_IRQHandler
                0x0000000008000448                CAN1_RX1_IRQHandler
                0x0000000008000448                UART5_IRQHandler
                0x0000000008000448                DMA2_Stream0_IRQHandler
                0x0000000008000448                TIM4_IRQHandler
                0x0000000008000448                QUADSPI_IRQHandler
                0x0000000008000448                I2C1_EV_IRQHandler
                0x0000000008000448                DMA1_Stream6_IRQHandler
                0x0000000008000448                DMA1_Stream1_IRQHandler
                0x0000000008000448                UART4_IRQHandler
                0x0000000008000448                TIM3_IRQHandler
                0x0000000008000448                RCC_IRQHandler
                0x0000000008000448                TIM8_BRK_TIM12_IRQHandler
                0x0000000008000448                Default_Handler
                0x0000000008000448                CEC_IRQHandler
                0x0000000008000448                EXTI15_10_IRQHandler
                0x0000000008000448                ADC_IRQHandler
                0x0000000008000448                DMA1_Stream7_IRQHandler
                0x0000000008000448                TIM7_IRQHandler
                0x0000000008000448                CAN2_TX_IRQHandler
                0x0000000008000448                TIM5_IRQHandler
                0x0000000008000448                DMA2_Stream7_IRQHandler
                0x0000000008000448                I2C3_EV_IRQHandler
                0x0000000008000448                EXTI9_5_IRQHandler
                0x0000000008000448                RTC_WKUP_IRQHandler
                0x0000000008000448                SPDIF_RX_IRQHandler
                0x0000000008000448                SPI2_IRQHandler
                0x0000000008000448                OTG_HS_EP1_IN_IRQHandler
                0x0000000008000448                MemManage_Handler
                0x0000000008000448                DMA1_Stream0_IRQHandler
                0x0000000008000448                CAN1_TX_IRQHandler
                0x0000000008000448                SVC_Handler
                0x0000000008000448                FMPI2C1_ER_IRQHandler
                0x0000000008000448                EXTI4_IRQHandler
                0x0000000008000448                OTG_HS_EP1_OUT_IRQHandler
                0x0000000008000448                WWDG_IRQHandler
                0x0000000008000448                TIM2_IRQHandler
                0x0000000008000448                OTG_FS_WKUP_IRQHandler
                0x0000000008000448                TIM1_TRG_COM_TIM11_IRQHandler
                0x0000000008000448                OTG_HS_IRQHandler
                0x0000000008000448                EXTI1_IRQHandler
                0x0000000008000448                USART2_IRQHandler
                0x0000000008000448                I2C2_ER_IRQHandler
                0x0000000008000448                DMA2_Stream1_IRQHandler
                0x0000000008000448                CAN1_SCE_IRQHandler
                0x0000000008000448                FLASH_IRQHandler
                0x0000000008000448                DMA2_Stream4_IRQHandler
                0x0000000008000448                BusFault_Handler
                0x0000000008000448                USART1_IRQHandler
                0x0000000008000448                OTG_FS_IRQHandler
                0x0000000008000448                SPI3_IRQHandler
                0x0000000008000448                DMA1_Stream4_IRQHandler
                0x0000000008000448                I2C1_ER_IRQHandler
                0x0000000008000448                FMC_IRQHandler
                0x0000000008000448                DMA2_Stream6_IRQHandler
                0x0000000008000448                SAI1_IRQHandler
                0x0000000008000448                RTC_Alarm_IRQHandler
 *fill*         0x000000000800044a        0x2 
 .text.HAL_Init
                0x000000000800044c       0x44 ./Drivers/STM32F4xx_HAL_Driver/Src/stm32f4xx_hal.o
                0x000000000800044c                HAL_Init
 .text.HAL_InitTick
                0x0000000008000490       0x60 ./Drivers/STM32F4xx_HAL_Driver/Src/stm32f4xx_hal.o
                0x0000000008000490                HAL_InitTick
 .text.HAL_IncTick
                0x00000000080004f0       0x28 ./Drivers/STM32F4xx_HAL_Driver/Src/stm32f4xx_hal.o
                0x00000000080004f0                HAL_IncTick
 .text.__NVIC_SetPriorityGrouping
                0x0000000008000518       0x48 ./Drivers/STM32F4xx_HAL_Driver/Src/stm32f4xx_hal_cortex.o
 .text.__NVIC_GetPriorityGrouping
                0x0000000008000560       0x1c ./Drivers/STM32F4xx_HAL_Driver/Src/stm32f4xx_hal_cortex.o
 .text.__NVIC_EnableIRQ
                0x000000000800057c       0x3c ./Drivers/STM32F4xx_HAL_Driver/Src/stm32f4xx_hal_cortex.o
 .text.__NVIC_SetPriority
                0x00000000080005b8       0x54 ./Drivers/STM32F4xx_HAL_Driver/Src/stm32f4xx_hal_cortex.o
 .text.NVIC_EncodePriority
                0x000000000800060c       0x66 ./Drivers/STM32F4xx_HAL_Driver/Src/stm32f4xx_hal_cortex.o
 *fill*         0x0000000008000672        0x2 
 .text.SysTick_Config
                0x0000000008000674       0x44 ./Drivers/STM32F4xx_HAL_Driver/Src/stm32f4xx_hal_cortex.o
 .text.HAL_NVIC_SetPriorityGrouping
                0x00000000080006b8       0x16 ./Drivers/STM32F4xx_HAL_Driver/Src/stm32f4xx_hal_cortex.o
                0x00000000080006b8                HAL_NVIC_SetPriorityGrouping
 .text.HAL_NVIC_SetPriority
                0x00000000080006ce       0x38 ./Drivers/STM32F4xx_HAL_Driver/Src/stm32f4xx_hal_cortex.o
                0x00000000080006ce                HAL_NVIC_SetPriority
 .text.HAL_NVIC_EnableIRQ
                0x0000000008000706       0x1c ./Drivers/STM32F4xx_HAL_Driver/Src/stm32f4xx_hal_cortex.o
                0x0000000008000706                HAL_NVIC_EnableIRQ
 .text.HAL_SYSTICK_Config
                0x0000000008000722       0x18 ./Drivers/STM32F4xx_HAL_Driver/Src/stm32f4xx_hal_cortex.o
                0x0000000008000722                HAL_SYSTICK_Config
 .text.HAL_SYSTICK_IRQHandler
                0x000000000800073a        0xc ./Drivers/STM32F4xx_HAL_Driver/Src/stm32f4xx_hal_cortex.o
                0x000000000800073a                HAL_SYSTICK_IRQHandler
 .text.HAL_SYSTICK_Callback
                0x0000000008000746        0xe ./Drivers/STM32F4xx_HAL_Driver/Src/stm32f4xx_hal_cortex.o
                0x0000000008000746                HAL_SYSTICK_Callback
 .text.HAL_GPIO_Init
                0x0000000008000754      0x328 ./Drivers/STM32F4xx_HAL_Driver/Src/stm32f4xx_hal_gpio.o
                0x0000000008000754                HAL_GPIO_Init
 .text.HAL_GPIO_TogglePin
                0x0000000008000a7c       0x34 ./Drivers/STM32F4xx_HAL_Driver/Src/stm32f4xx_hal_gpio.o
                0x0000000008000a7c                HAL_GPIO_TogglePin
 .text.HAL_PWR_EnableBkUpAccess
                0x0000000008000ab0       0x28 ./Drivers/STM32F4xx_HAL_Driver/Src/stm32f4xx_hal_pwr.o
                0x0000000008000ab0                HAL_PWR_EnableBkUpAccess
 .text.HAL_TIM_Base_Init
                0x0000000008000ad8       0x9e ./Drivers/STM32F4xx_HAL_Driver/Src/stm32f4xx_hal_tim.o
                0x0000000008000ad8                HAL_TIM_Base_Init
 *fill*         0x0000000008000b76        0x2 
 .text.HAL_TIM_Base_Start
                0x0000000008000b78       0xd0 ./Drivers/STM32F4xx_HAL_Driver/Src/stm32f4xx_hal_tim.o
                0x0000000008000b78                HAL_TIM_Base_Start
 .text.TIM_Base_SetConfig
                0x0000000008000c48      0x140 ./Drivers/STM32F4xx_HAL_Driver/Src/stm32f4xx_hal_tim.o
                0x0000000008000c48                TIM_Base_SetConfig
 .text.__libc_init_array
                0x0000000008000d88       0x48 /Applications/STM32CubeIDE.app/Contents/Eclipse/plugins/com.st.stm32cube.ide.mcu.externaltools.gnu-tools-for-stm32.10.3-2021.10.macos64_1.0.0.202111181127/tools/bin/../lib/gcc/arm-none-eabi/10.3.1/../../../../arm-none-eabi/lib/thumb/v7e-m+fp/hard/libc_nano.a(lib_a-init.o)
                0x0000000008000d88                __libc_init_array
 *(.glue_7)
 .glue_7        0x0000000008000dd0        0x0 linker stubs
 *(.glue_7t)
 .glue_7t       0x0000000008000dd0        0x0 linker stubs
 *(.eh_frame)
 .eh_frame      0x0000000008000dd0        0x0 /Applications/STM32CubeIDE.app/Contents/Eclipse/plugins/com.st.stm32cube.ide.mcu.externaltools.gnu-tools-for-stm32.10.3-2021.10.macos64_1.0.0.202111181127/tools/bin/../lib/gcc/arm-none-eabi/10.3.1/thumb/v7e-m+fp/hard/crtbegin.o
 *(.init)
 .init          0x0000000008000dd0        0x4 /Applications/STM32CubeIDE.app/Contents/Eclipse/plugins/com.st.stm32cube.ide.mcu.externaltools.gnu-tools-for-stm32.10.3-2021.10.macos64_1.0.0.202111181127/tools/bin/../lib/gcc/arm-none-eabi/10.3.1/thumb/v7e-m+fp/hard/crti.o
                0x0000000008000dd0                _init
 .init          0x0000000008000dd4        0x8 /Applications/STM32CubeIDE.app/Contents/Eclipse/plugins/com.st.stm32cube.ide.mcu.externaltools.gnu-tools-for-stm32.10.3-2021.10.macos64_1.0.0.202111181127/tools/bin/../lib/gcc/arm-none-eabi/10.3.1/thumb/v7e-m+fp/hard/crtn.o
 *(.fini)
 .fini          0x0000000008000ddc        0x4 /Applications/STM32CubeIDE.app/Contents/Eclipse/plugins/com.st.stm32cube.ide.mcu.externaltools.gnu-tools-for-stm32.10.3-2021.10.macos64_1.0.0.202111181127/tools/bin/../lib/gcc/arm-none-eabi/10.3.1/thumb/v7e-m+fp/hard/crti.o
                0x0000000008000ddc                _fini
 .fini          0x0000000008000de0        0x8 /Applications/STM32CubeIDE.app/Contents/Eclipse/plugins/com.st.stm32cube.ide.mcu.externaltools.gnu-tools-for-stm32.10.3-2021.10.macos64_1.0.0.202111181127/tools/bin/../lib/gcc/arm-none-eabi/10.3.1/thumb/v7e-m+fp/hard/crtn.o
                0x0000000008000de8                . = ALIGN (0x4)
                0x0000000008000de8                _etext = .

.vfp11_veneer   0x0000000008000de8        0x0
 .vfp11_veneer  0x0000000008000de8        0x0 linker stubs

.v4_bx          0x0000000008000de8        0x0
 .v4_bx         0x0000000008000de8        0x0 linker stubs

.iplt           0x0000000008000de8        0x0
 .iplt          0x0000000008000de8        0x0 /Applications/STM32CubeIDE.app/Contents/Eclipse/plugins/com.st.stm32cube.ide.mcu.externaltools.gnu-tools-for-stm32.10.3-2021.10.macos64_1.0.0.202111181127/tools/bin/../lib/gcc/arm-none-eabi/10.3.1/thumb/v7e-m+fp/hard/crtbegin.o

.rel.dyn        0x0000000008000de8        0x0
 .rel.iplt      0x0000000008000de8        0x0 /Applications/STM32CubeIDE.app/Contents/Eclipse/plugins/com.st.stm32cube.ide.mcu.externaltools.gnu-tools-for-stm32.10.3-2021.10.macos64_1.0.0.202111181127/tools/bin/../lib/gcc/arm-none-eabi/10.3.1/thumb/v7e-m+fp/hard/crtbegin.o

.rodata         0x0000000008000de8        0x0
                0x0000000008000de8                . = ALIGN (0x4)
 *(.rodata)
 *(.rodata*)
                0x0000000008000de8                . = ALIGN (0x4)

.ARM.extab      0x0000000008000de8        0x0
                0x0000000008000de8                . = ALIGN (0x4)
 *(.ARM.extab* .gnu.linkonce.armextab.*)
                0x0000000008000de8                . = ALIGN (0x4)

.ARM            0x0000000008000de8        0x0
                0x0000000008000de8                . = ALIGN (0x4)
                0x0000000008000de8                __exidx_start = .
 *(.ARM.exidx*)
                0x0000000008000de8                __exidx_end = .
                0x0000000008000de8                . = ALIGN (0x4)

.preinit_array  0x0000000008000de8        0x0
                0x0000000008000de8                . = ALIGN (0x4)
                0x0000000008000de8                PROVIDE (__preinit_array_start = .)
 *(.preinit_array*)
                0x0000000008000de8                PROVIDE (__preinit_array_end = .)
                0x0000000008000de8                . = ALIGN (0x4)

.init_array     0x0000000008000de8        0x4
                0x0000000008000de8                . = ALIGN (0x4)
                0x0000000008000de8                PROVIDE (__init_array_start = .)
 *(SORT_BY_NAME(.init_array.*))
 *(.init_array*)
 .init_array    0x0000000008000de8        0x4 /Applications/STM32CubeIDE.app/Contents/Eclipse/plugins/com.st.stm32cube.ide.mcu.externaltools.gnu-tools-for-stm32.10.3-2021.10.macos64_1.0.0.202111181127/tools/bin/../lib/gcc/arm-none-eabi/10.3.1/thumb/v7e-m+fp/hard/crtbegin.o
                0x0000000008000dec                PROVIDE (__init_array_end = .)
                0x0000000008000dec                . = ALIGN (0x4)

.fini_array     0x0000000008000dec        0x4
                0x0000000008000dec                . = ALIGN (0x4)
                [!provide]                        PROVIDE (__fini_array_start = .)
 *(SORT_BY_NAME(.fini_array.*))
 *(.fini_array*)
 .fini_array    0x0000000008000dec        0x4 /Applications/STM32CubeIDE.app/Contents/Eclipse/plugins/com.st.stm32cube.ide.mcu.externaltools.gnu-tools-for-stm32.10.3-2021.10.macos64_1.0.0.202111181127/tools/bin/../lib/gcc/arm-none-eabi/10.3.1/thumb/v7e-m+fp/hard/crtbegin.o
                [!provide]                        PROVIDE (__fini_array_end = .)
                0x0000000008000df0                . = ALIGN (0x4)
                0x0000000008000df0                _sidata = LOADADDR (.data)

.data           0x0000000020000000        0xc load address 0x0000000008000df0
                0x0000000020000000                . = ALIGN (0x4)
                0x0000000020000000                _sdata = .
 *(.data)
 *(.data*)
 .data.SystemCoreClock
                0x0000000020000000        0x4 ./Core/Src/system_stm32f4xx.o
                0x0000000020000000                SystemCoreClock
 .data.uwTickPrio
                0x0000000020000004        0x4 ./Drivers/STM32F4xx_HAL_Driver/Src/stm32f4xx_hal.o
                0x0000000020000004                uwTickPrio
 .data.uwTickFreq
                0x0000000020000008        0x1 ./Drivers/STM32F4xx_HAL_Driver/Src/stm32f4xx_hal.o
                0x0000000020000008                uwTickFreq
 *(.RamFunc)
 *(.RamFunc*)
                0x000000002000000c                . = ALIGN (0x4)
 *fill*         0x0000000020000009        0x3 
                0x000000002000000c                _edata = .

.igot.plt       0x000000002000000c        0x0 load address 0x0000000008000dfc
 .igot.plt      0x000000002000000c        0x0 /Applications/STM32CubeIDE.app/Contents/Eclipse/plugins/com.st.stm32cube.ide.mcu.externaltools.gnu-tools-for-stm32.10.3-2021.10.macos64_1.0.0.202111181127/tools/bin/../lib/gcc/arm-none-eabi/10.3.1/thumb/v7e-m+fp/hard/crtbegin.o
                0x000000002000000c                . = ALIGN (0x4)

.bss            0x000000002000000c       0x68 load address 0x0000000008000dfc
                0x000000002000000c                _sbss = .
                0x000000002000000c                __bss_start__ = _sbss
 *(.bss)
 .bss           0x000000002000000c       0x1c /Applications/STM32CubeIDE.app/Contents/Eclipse/plugins/com.st.stm32cube.ide.mcu.externaltools.gnu-tools-for-stm32.10.3-2021.10.macos64_1.0.0.202111181127/tools/bin/../lib/gcc/arm-none-eabi/10.3.1/thumb/v7e-m+fp/hard/crtbegin.o
 *(.bss*)
 .bss.htimer6   0x0000000020000028       0x48 ./Core/Src/main.o
                0x0000000020000028                htimer6
 .bss.uwTick    0x0000000020000070        0x4 ./Drivers/STM32F4xx_HAL_Driver/Src/stm32f4xx_hal.o
                0x0000000020000070                uwTick
 *(COMMON)
                0x0000000020000074                . = ALIGN (0x4)
                0x0000000020000074                _ebss = .
                0x0000000020000074                __bss_end__ = _ebss

._user_heap_stack
                0x0000000020000074      0x604 load address 0x0000000008000dfc
                0x0000000020000078                . = ALIGN (0x8)
 *fill*         0x0000000020000074        0x4 
                [!provide]                        PROVIDE (end = .)
                0x0000000020000078                PROVIDE (_end = .)
                0x0000000020000278                . = (. + _Min_Heap_Size)
 *fill*         0x0000000020000078      0x200 
                0x0000000020000678                . = (. + _Min_Stack_Size)
 *fill*         0x0000000020000278      0x400 
                0x0000000020000678                . = ALIGN (0x8)

/DISCARD/
 libc.a(*)
 libm.a(*)
 libgcc.a(*)

.ARM.attributes
                0x0000000000000000       0x30
 *(.ARM.attributes)
 .ARM.attributes
                0x0000000000000000       0x1e /Applications/STM32CubeIDE.app/Contents/Eclipse/plugins/com.st.stm32cube.ide.mcu.externaltools.gnu-tools-for-stm32.10.3-2021.10.macos64_1.0.0.202111181127/tools/bin/../lib/gcc/arm-none-eabi/10.3.1/thumb/v7e-m+fp/hard/crti.o
 .ARM.attributes
                0x000000000000001e       0x34 /Applications/STM32CubeIDE.app/Contents/Eclipse/plugins/com.st.stm32cube.ide.mcu.externaltools.gnu-tools-for-stm32.10.3-2021.10.macos64_1.0.0.202111181127/tools/bin/../lib/gcc/arm-none-eabi/10.3.1/thumb/v7e-m+fp/hard/crtbegin.o
 .ARM.attributes
                0x0000000000000052       0x34 ./Core/Src/it.o
 .ARM.attributes
                0x0000000000000086       0x34 ./Core/Src/main.o
 .ARM.attributes
                0x00000000000000ba       0x34 ./Core/Src/msp.o
 .ARM.attributes
                0x00000000000000ee       0x34 ./Core/Src/system_stm32f4xx.o
 .ARM.attributes
                0x0000000000000122       0x21 ./Core/Startup/startup_stm32f446retx.o
 .ARM.attributes
                0x0000000000000143       0x34 ./Drivers/STM32F4xx_HAL_Driver/Src/stm32f4xx_hal.o
 .ARM.attributes
                0x0000000000000177       0x34 ./Drivers/STM32F4xx_HAL_Driver/Src/stm32f4xx_hal_cortex.o
 .ARM.attributes
                0x00000000000001ab       0x34 ./Drivers/STM32F4xx_HAL_Driver/Src/stm32f4xx_hal_gpio.o
 .ARM.attributes
                0x00000000000001df       0x34 ./Drivers/STM32F4xx_HAL_Driver/Src/stm32f4xx_hal_pwr.o
 .ARM.attributes
                0x0000000000000213       0x34 ./Drivers/STM32F4xx_HAL_Driver/Src/stm32f4xx_hal_tim.o
 .ARM.attributes
                0x0000000000000247       0x34 /Applications/STM32CubeIDE.app/Contents/Eclipse/plugins/com.st.stm32cube.ide.mcu.externaltools.gnu-tools-for-stm32.10.3-2021.10.macos64_1.0.0.202111181127/tools/bin/../lib/gcc/arm-none-eabi/10.3.1/../../../../arm-none-eabi/lib/thumb/v7e-m+fp/hard/libc_nano.a(lib_a-init.o)
 .ARM.attributes
                0x000000000000027b       0x1e /Applications/STM32CubeIDE.app/Contents/Eclipse/plugins/com.st.stm32cube.ide.mcu.externaltools.gnu-tools-for-stm32.10.3-2021.10.macos64_1.0.0.202111181127/tools/bin/../lib/gcc/arm-none-eabi/10.3.1/thumb/v7e-m+fp/hard/crtn.o
OUTPUT(Time_base_100ms.elf elf32-littlearm)
LOAD linker stubs
LOAD /Applications/STM32CubeIDE.app/Contents/Eclipse/plugins/com.st.stm32cube.ide.mcu.externaltools.gnu-tools-for-stm32.10.3-2021.10.macos64_1.0.0.202111181127/tools/bin/../lib/gcc/arm-none-eabi/10.3.1/../../../../arm-none-eabi/lib/thumb/v7e-m+fp/hard/libc.a
LOAD /Applications/STM32CubeIDE.app/Contents/Eclipse/plugins/com.st.stm32cube.ide.mcu.externaltools.gnu-tools-for-stm32.10.3-2021.10.macos64_1.0.0.202111181127/tools/bin/../lib/gcc/arm-none-eabi/10.3.1/../../../../arm-none-eabi/lib/thumb/v7e-m+fp/hard/libm.a
LOAD /Applications/STM32CubeIDE.app/Contents/Eclipse/plugins/com.st.stm32cube.ide.mcu.externaltools.gnu-tools-for-stm32.10.3-2021.10.macos64_1.0.0.202111181127/tools/bin/../lib/gcc/arm-none-eabi/10.3.1/thumb/v7e-m+fp/hard/libgcc.a

.debug_info     0x0000000000000000     0x7108
 .debug_info    0x0000000000000000       0x88 ./Core/Src/it.o
 .debug_info    0x0000000000000088      0xb03 ./Core/Src/main.o
 .debug_info    0x0000000000000b8b      0xd14 ./Core/Src/msp.o
 .debug_info    0x000000000000189f      0x55b ./Core/Src/system_stm32f4xx.o
 .debug_info    0x0000000000001dfa       0x22 ./Core/Startup/startup_stm32f446retx.o
 .debug_info    0x0000000000001e1c      0x9d2 ./Drivers/STM32F4xx_HAL_Driver/Src/stm32f4xx_hal.o
 .debug_info    0x00000000000027ee      0xe39 ./Drivers/STM32F4xx_HAL_Driver/Src/stm32f4xx_hal_cortex.o
 .debug_info    0x0000000000003627      0x7be ./Drivers/STM32F4xx_HAL_Driver/Src/stm32f4xx_hal_gpio.o
 .debug_info    0x0000000000003de5      0x765 ./Drivers/STM32F4xx_HAL_Driver/Src/stm32f4xx_hal_pwr.o
 .debug_info    0x000000000000454a     0x2bbe ./Drivers/STM32F4xx_HAL_Driver/Src/stm32f4xx_hal_tim.o

.debug_abbrev   0x0000000000000000     0x1036
 .debug_abbrev  0x0000000000000000       0x69 ./Core/Src/it.o
 .debug_abbrev  0x0000000000000069      0x234 ./Core/Src/main.o
 .debug_abbrev  0x000000000000029d      0x19b ./Core/Src/msp.o
 .debug_abbrev  0x0000000000000438      0x116 ./Core/Src/system_stm32f4xx.o
 .debug_abbrev  0x000000000000054e       0x12 ./Core/Startup/startup_stm32f446retx.o
 .debug_abbrev  0x0000000000000560      0x20d ./Drivers/STM32F4xx_HAL_Driver/Src/stm32f4xx_hal.o
 .debug_abbrev  0x000000000000076d      0x316 ./Drivers/STM32F4xx_HAL_Driver/Src/stm32f4xx_hal_cortex.o
 .debug_abbrev  0x0000000000000a83      0x1c4 ./Drivers/STM32F4xx_HAL_Driver/Src/stm32f4xx_hal_gpio.o
 .debug_abbrev  0x0000000000000c47      0x192 ./Drivers/STM32F4xx_HAL_Driver/Src/stm32f4xx_hal_pwr.o
 .debug_abbrev  0x0000000000000dd9      0x25d ./Drivers/STM32F4xx_HAL_Driver/Src/stm32f4xx_hal_tim.o

.debug_aranges  0x0000000000000000      0x7a8
 .debug_aranges
                0x0000000000000000       0x20 ./Core/Src/it.o
 .debug_aranges
                0x0000000000000020       0x40 ./Core/Src/main.o
 .debug_aranges
                0x0000000000000060       0x28 ./Core/Src/msp.o
 .debug_aranges
                0x0000000000000088       0x28 ./Core/Src/system_stm32f4xx.o
 .debug_aranges
                0x00000000000000b0       0x28 ./Core/Startup/startup_stm32f446retx.o
 .debug_aranges
                0x00000000000000d8       0xf0 ./Drivers/STM32F4xx_HAL_Driver/Src/stm32f4xx_hal.o
 .debug_aranges
                0x00000000000001c8      0x118 ./Drivers/STM32F4xx_HAL_Driver/Src/stm32f4xx_hal_cortex.o
 .debug_aranges
                0x00000000000002e0       0x58 ./Drivers/STM32F4xx_HAL_Driver/Src/stm32f4xx_hal_gpio.o
 .debug_aranges
                0x0000000000000338       0xa0 ./Drivers/STM32F4xx_HAL_Driver/Src/stm32f4xx_hal_pwr.o
 .debug_aranges
                0x00000000000003d8      0x3d0 ./Drivers/STM32F4xx_HAL_Driver/Src/stm32f4xx_hal_tim.o

.debug_ranges   0x0000000000000000      0x710
 .debug_ranges  0x0000000000000000       0x10 ./Core/Src/it.o
 .debug_ranges  0x0000000000000010       0x30 ./Core/Src/main.o
 .debug_ranges  0x0000000000000040       0x18 ./Core/Src/msp.o
 .debug_ranges  0x0000000000000058       0x18 ./Core/Src/system_stm32f4xx.o
 .debug_ranges  0x0000000000000070       0x20 ./Core/Startup/startup_stm32f446retx.o
 .debug_ranges  0x0000000000000090       0xe0 ./Drivers/STM32F4xx_HAL_Driver/Src/stm32f4xx_hal.o
 .debug_ranges  0x0000000000000170      0x108 ./Drivers/STM32F4xx_HAL_Driver/Src/stm32f4xx_hal_cortex.o
 .debug_ranges  0x0000000000000278       0x48 ./Drivers/STM32F4xx_HAL_Driver/Src/stm32f4xx_hal_gpio.o
 .debug_ranges  0x00000000000002c0       0x90 ./Drivers/STM32F4xx_HAL_Driver/Src/stm32f4xx_hal_pwr.o
 .debug_ranges  0x0000000000000350      0x3c0 ./Drivers/STM32F4xx_HAL_Driver/Src/stm32f4xx_hal_tim.o

.debug_macro    0x0000000000000000    0x2138f
 .debug_macro   0x0000000000000000       0x11 ./Core/Src/it.o
 .debug_macro   0x0000000000000011      0xa78 ./Core/Src/it.o
 .debug_macro   0x0000000000000a89      0x367 ./Core/Src/main.o
 .debug_macro   0x0000000000000df0      0x29b ./Core/Src/main.o
 .debug_macro   0x000000000000108b       0x2e ./Core/Src/main.o
 .debug_macro   0x00000000000010b9       0x28 ./Core/Src/main.o
 .debug_macro   0x00000000000010e1       0x22 ./Core/Src/main.o
 .debug_macro   0x0000000000001103       0x8e ./Core/Src/main.o
 .debug_macro   0x0000000000001191       0x51 ./Core/Src/main.o
 .debug_macro   0x00000000000011e2      0x103 ./Core/Src/main.o
 .debug_macro   0x00000000000012e5       0x6a ./Core/Src/main.o
 .debug_macro   0x000000000000134f      0x1df ./Core/Src/main.o
 .debug_macro   0x000000000000152e       0x1c ./Core/Src/main.o
 .debug_macro   0x000000000000154a       0x22 ./Core/Src/main.o
 .debug_macro   0x000000000000156c       0xd9 ./Core/Src/main.o
 .debug_macro   0x0000000000001645     0x102d ./Core/Src/main.o
 .debug_macro   0x0000000000002672      0x11f ./Core/Src/main.o
 .debug_macro   0x0000000000002791    0x16749 ./Core/Src/main.o
 .debug_macro   0x0000000000018eda       0x6d ./Core/Src/main.o
 .debug_macro   0x0000000000018f47     0x367e ./Core/Src/main.o
 .debug_macro   0x000000000001c5c5      0x174 ./Core/Src/main.o
 .debug_macro   0x000000000001c739       0x5c ./Core/Src/main.o
 .debug_macro   0x000000000001c795      0xc90 ./Core/Src/main.o
 .debug_macro   0x000000000001d425      0x9fe ./Core/Src/main.o
 .debug_macro   0x000000000001de23      0x115 ./Core/Src/main.o
 .debug_macro   0x000000000001df38      0x1a0 ./Core/Src/main.o
 .debug_macro   0x000000000001e0d8       0xa5 ./Core/Src/main.o
 .debug_macro   0x000000000001e17d      0x16d ./Core/Src/main.o
 .debug_macro   0x000000000001e2ea      0x287 ./Core/Src/main.o
 .debug_macro   0x000000000001e571       0x5f ./Core/Src/main.o
 .debug_macro   0x000000000001e5d0      0x236 ./Core/Src/main.o
 .debug_macro   0x000000000001e806      0x132 ./Core/Src/main.o
 .debug_macro   0x000000000001e938      0x29c ./Core/Src/main.o
 .debug_macro   0x000000000001ebd4       0x2e ./Core/Src/main.o
 .debug_macro   0x000000000001ec02      0x11a ./Core/Src/main.o
 .debug_macro   0x000000000001ed1c       0xe8 ./Core/Src/main.o
 .debug_macro   0x000000000001ee04       0x89 ./Core/Src/main.o
 .debug_macro   0x000000000001ee8d      0x8e6 ./Core/Src/main.o
 .debug_macro   0x000000000001f773       0x4d ./Core/Src/main.o
 .debug_macro   0x000000000001f7c0      0x295 ./Core/Src/main.o
 .debug_macro   0x000000000001fa55      0x126 ./Core/Src/main.o
 .debug_macro   0x000000000001fb7b       0x52 ./Core/Src/main.o
 .debug_macro   0x000000000001fbcd       0x1e ./Core/Src/main.o
 .debug_macro   0x000000000001fbeb       0x3c ./Core/Src/main.o
 .debug_macro   0x000000000001fc27       0x34 ./Core/Src/main.o
 .debug_macro   0x000000000001fc5b       0x16 ./Core/Src/main.o
 .debug_macro   0x000000000001fc71       0x43 ./Core/Src/main.o
 .debug_macro   0x000000000001fcb4       0x34 ./Core/Src/main.o
 .debug_macro   0x000000000001fce8       0x10 ./Core/Src/main.o
 .debug_macro   0x000000000001fcf8       0x58 ./Core/Src/main.o
 .debug_macro   0x000000000001fd50       0x71 ./Core/Src/main.o
 .debug_macro   0x000000000001fdc1       0x1c ./Core/Src/main.o
 .debug_macro   0x000000000001fddd      0x12a ./Core/Src/main.o
 .debug_macro   0x000000000001ff07      0x341 ./Core/Src/main.o
 .debug_macro   0x0000000000020248       0x10 ./Core/Src/main.o
 .debug_macro   0x0000000000020258       0x35 ./Core/Src/main.o
 .debug_macro   0x000000000002028d       0x20 ./Core/Src/main.o
 .debug_macro   0x00000000000202ad       0x1c ./Core/Src/main.o
 .debug_macro   0x00000000000202c9       0x10 ./Core/Src/main.o
 .debug_macro   0x00000000000202d9       0x10 ./Core/Src/main.o
 .debug_macro   0x00000000000202e9       0x1c ./Core/Src/main.o
 .debug_macro   0x0000000000020305       0x52 ./Core/Src/main.o
 .debug_macro   0x0000000000020357       0x22 ./Core/Src/main.o
 .debug_macro   0x0000000000020379       0x10 ./Core/Src/main.o
 .debug_macro   0x0000000000020389       0x52 ./Core/Src/main.o
 .debug_macro   0x00000000000203db       0xd5 ./Core/Src/main.o
 .debug_macro   0x00000000000204b0       0x1c ./Core/Src/main.o
 .debug_macro   0x00000000000204cc       0x3d ./Core/Src/main.o
 .debug_macro   0x0000000000020509       0x16 ./Core/Src/main.o
 .debug_macro   0x000000000002051f      0x145 ./Core/Src/main.o
 .debug_macro   0x0000000000020664      0x1d8 ./Core/Src/msp.o
 .debug_macro   0x000000000002083c      0x1ce ./Core/Src/system_stm32f4xx.o
 .debug_macro   0x0000000000020a0a      0x22e ./Drivers/STM32F4xx_HAL_Driver/Src/stm32f4xx_hal.o
 .debug_macro   0x0000000000020c38      0x1ce ./Drivers/STM32F4xx_HAL_Driver/Src/stm32f4xx_hal_cortex.o
 .debug_macro   0x0000000000020e06      0x1d4 ./Drivers/STM32F4xx_HAL_Driver/Src/stm32f4xx_hal_gpio.o
 .debug_macro   0x0000000000020fda      0x1e6 ./Drivers/STM32F4xx_HAL_Driver/Src/stm32f4xx_hal_pwr.o
 .debug_macro   0x00000000000211c0      0x1cf ./Drivers/STM32F4xx_HAL_Driver/Src/stm32f4xx_hal_tim.o

.debug_line     0x0000000000000000     0x79df
 .debug_line    0x0000000000000000       0x47 ./Core/Src/it.o
 .debug_line    0x0000000000000047      0x994 ./Core/Src/main.o
 .debug_line    0x00000000000009db      0x6f9 ./Core/Src/msp.o
 .debug_line    0x00000000000010d4      0x769 ./Core/Src/system_stm32f4xx.o
 .debug_line    0x000000000000183d       0x88 ./Core/Startup/startup_stm32f446retx.o
 .debug_line    0x00000000000018c5      0x9cf ./Drivers/STM32F4xx_HAL_Driver/Src/stm32f4xx_hal.o
 .debug_line    0x0000000000002294      0xc7e ./Drivers/STM32F4xx_HAL_Driver/Src/stm32f4xx_hal_cortex.o
 .debug_line    0x0000000000002f12      0xb2f ./Drivers/STM32F4xx_HAL_Driver/Src/stm32f4xx_hal_gpio.o
 .debug_line    0x0000000000003a41      0x8db ./Drivers/STM32F4xx_HAL_Driver/Src/stm32f4xx_hal_pwr.o
 .debug_line    0x000000000000431c     0x36c3 ./Drivers/STM32F4xx_HAL_Driver/Src/stm32f4xx_hal_tim.o

.debug_str      0x0000000000000000    0xcf3b9
 .debug_str     0x0000000000000000     0x2d05 ./Core/Src/it.o
 .debug_str     0x0000000000002d05    0xca48f ./Core/Src/main.o
                                      0xcd48a (size before relaxing)
 .debug_str     0x00000000000cd194      0x5e9 ./Core/Src/msp.o
                                      0xc9b6a (size before relaxing)
 .debug_str     0x00000000000cd77d       0x87 ./Core/Src/system_stm32f4xx.o
                                      0xc9104 (size before relaxing)
 .debug_str     0x00000000000cd804       0x36 ./Core/Startup/startup_stm32f446retx.o
                                         0x6f (size before relaxing)
 .debug_str     0x00000000000cd83a      0x5fa ./Drivers/STM32F4xx_HAL_Driver/Src/stm32f4xx_hal.o
                                      0xc9cc9 (size before relaxing)
 .debug_str     0x00000000000cde34      0x339 ./Drivers/STM32F4xx_HAL_Driver/Src/stm32f4xx_hal_cortex.o
                                      0xc99d7 (size before relaxing)
 .debug_str     0x00000000000ce16d      0x15a ./Drivers/STM32F4xx_HAL_Driver/Src/stm32f4xx_hal_gpio.o
                                      0xc927f (size before relaxing)
 .debug_str     0x00000000000ce2c7      0x25b ./Drivers/STM32F4xx_HAL_Driver/Src/stm32f4xx_hal_pwr.o
                                      0xc933a (size before relaxing)
 .debug_str     0x00000000000ce522      0xe97 ./Drivers/STM32F4xx_HAL_Driver/Src/stm32f4xx_hal_tim.o
                                      0xca459 (size before relaxing)

.comment        0x0000000000000000       0x50
 .comment       0x0000000000000000       0x50 ./Core/Src/it.o
                                         0x51 (size before relaxing)
 .comment       0x0000000000000050       0x51 ./Core/Src/main.o
 .comment       0x0000000000000050       0x51 ./Core/Src/msp.o
 .comment       0x0000000000000050       0x51 ./Core/Src/system_stm32f4xx.o
 .comment       0x0000000000000050       0x51 ./Drivers/STM32F4xx_HAL_Driver/Src/stm32f4xx_hal.o
 .comment       0x0000000000000050       0x51 ./Drivers/STM32F4xx_HAL_Driver/Src/stm32f4xx_hal_cortex.o
 .comment       0x0000000000000050       0x51 ./Drivers/STM32F4xx_HAL_Driver/Src/stm32f4xx_hal_gpio.o
 .comment       0x0000000000000050       0x51 ./Drivers/STM32F4xx_HAL_Driver/Src/stm32f4xx_hal_pwr.o
 .comment       0x0000000000000050       0x51 ./Drivers/STM32F4xx_HAL_Driver/Src/stm32f4xx_hal_tim.o

.debug_frame    0x0000000000000000     0x1f2c
 .debug_frame   0x0000000000000000       0x2c ./Core/Src/it.o
 .debug_frame   0x000000000000002c       0xac ./Core/Src/main.o
 .debug_frame   0x00000000000000d8       0x50 ./Core/Src/msp.o
 .debug_frame   0x0000000000000128       0x58 ./Core/Src/system_stm32f4xx.o
 .debug_frame   0x0000000000000180      0x374 ./Drivers/STM32F4xx_HAL_Driver/Src/stm32f4xx_hal.o
 .debug_frame   0x00000000000004f4      0x498 ./Drivers/STM32F4xx_HAL_Driver/Src/stm32f4xx_hal_cortex.o
 .debug_frame   0x000000000000098c      0x14c ./Drivers/STM32F4xx_HAL_Driver/Src/stm32f4xx_hal_gpio.o
 .debug_frame   0x0000000000000ad8      0x264 ./Drivers/STM32F4xx_HAL_Driver/Src/stm32f4xx_hal_pwr.o
 .debug_frame   0x0000000000000d3c     0x11c4 ./Drivers/STM32F4xx_HAL_Driver/Src/stm32f4xx_hal_tim.o
 .debug_frame   0x0000000000001f00       0x2c /Applications/STM32CubeIDE.app/Contents/Eclipse/plugins/com.st.stm32cube.ide.mcu.externaltools.gnu-tools-for-stm32.10.3-2021.10.macos64_1.0.0.202111181127/tools/bin/../lib/gcc/arm-none-eabi/10.3.1/../../../../arm-none-eabi/lib/thumb/v7e-m+fp/hard/libc_nano.a(lib_a-init.o)
